<html>
<body>
<pre>
<h1>µVision Build Log</h1>
<h2>Tool Versions:</h2>
IDE-Version: ¦ÌVision V5.25.3.0
Copyright (C) 2018 ARM Ltd and ARM Germany GmbH. All rights reserved.
License Information: yan 8618574713998, xiaochong, LIC=1WS63-A9RK3-PFPIX-H0A84-ICFLD-JUJKJ
 
Tool Versions:
Toolchain:       MDK-ARM Professional  Version: 5.15.0
Toolchain Path:  D:\Keil_v5\ARM\ARMCC\Bin
C Compiler:      Armcc.exe V5.05 update 2 (build 169)
Assembler:       Armasm.exe V5.05 update 2 (build 169)
Linker/Locator:  ArmLink.exe V5.05 update 2 (build 169)
Library Manager: ArmAr.exe V5.05 update 2 (build 169)
Hex Converter:   FromElf.exe V5.05 update 2 (build 169)
CPU DLL:         SARMCM3.DLL V5.15.0
Dialog DLL:      DCM.DLL V1.13.2.0
Target DLL:      STLink\ST-LINKIII-KEIL_SWO.dll V2.0.15.0_KEIL
Dialog DLL:      TCM.DLL V1.14.5.0
 
<h2>Project:</h2>
C:\Users\86185\Desktop\bishe\FreeRTOS+Æå\Project.uvprojx
Project File Date:  12/09/2024

<h2>Output:</h2>
*** Using Compiler 'V5.05 update 2 (build 169)', folder: 'D:\Keil_v5\ARM\ARMCC\Bin'
Rebuild target 'Target 1'
assembling startup_stm32f10x_md.s...
compiling stm32f10x_bkp.c...
compiling misc.c...
compiling system_stm32f10x.c...
compiling stm32f10x_adc.c...
compiling stm32f10x_cec.c...
compiling stm32f10x_can.c...
compiling core_cm3.c...
compiling stm32f10x_dbgmcu.c...
compiling stm32f10x_dac.c...
compiling stm32f10x_crc.c...
compiling stm32f10x_dma.c...
compiling stm32f10x_exti.c...
compiling stm32f10x_flash.c...
compiling stm32f10x_fsmc.c...
compiling stm32f10x_i2c.c...
compiling stm32f10x_gpio.c...
compiling stm32f10x_iwdg.c...
compiling stm32f10x_pwr.c...
compiling stm32f10x_rtc.c...
compiling stm32f10x_rcc.c...
compiling stm32f10x_sdio.c...
compiling stm32f10x_spi.c...
compiling stm32f10x_wwdg.c...
compiling stm32f10x_it.c...
compiling stm32f10x_tim.c...
compiling stm32f10x_usart.c...
compiling main.c...
User\main.c(181): warning:  #550-D: variable "aaa" was set but never used
  		uint8_t aaa[USART1_REC_LEN]= "\0";
User\main.c: 1 warning, 0 errors
compiling Delay.c...
compiling Electromagnet.c...
compiling Mat_key.c...
compiling pack.c...
compiling Stepper_motor.c...
compiling timer.c...
compiling USART1.c...
compiling TestUI.c...
compiling oled_g.c...
compiling UartData.c...
compiling USART23.c...
compiling oled_port.c...
compiling oled_ui.c...
compiling game.c...
compiling Data.c...
compiling cJSON.c...
compiling list.c...
compiling event_groups.c...
compiling tasks.c...
compiling queue.c...
compiling heap_4.c...
compiling timers.c...
compiling croutine.c...
compiling port.c...
linking...
Program Size: Code=26200 RO-data=7840 RW-data=968 ZI-data=13008  
FromELF: creating hex file...
".\Objects\Project.axf" - 0 Error(s), 1 Warning(s).

<h2>Software Packages used:</h2>

Package Vendor: Keil
                http://www.keil.com/pack/Keil.STM32F1xx_DFP.1.1.0.pack
                Keil.STM32F1xx_DFP.1.1.0
                STMicroelectronics STM32F1 Series Device Support, Drivers and Examples

<h2>Collection of Component include folders:</h2>
  .\RTE\_Target_1
  D:\Keil_v5\ARM\PACK\Keil\STM32F1xx_DFP\1.1.0\Device\Include

<h2>Collection of Component Files used:</h2>
Build Time Elapsed:  00:00:17
</pre>
</body>
</html>
