Component: ARM Compiler 5.05 update 2 (build 169) Tool: armlink [4d0f33]

==============================================================================

Section Cross References

    startup_stm32f10x_md.o(RESET) refers to startup_stm32f10x_md.o(STACK) for __initial_sp
    startup_stm32f10x_md.o(RESET) refers to startup_stm32f10x_md.o(.text) for Reset_Handler
    startup_stm32f10x_md.o(RESET) refers to stm32f10x_it.o(i.NMI_Handler) for NMI_Handler
    startup_stm32f10x_md.o(RESET) refers to stm32f10x_it.o(i.HardFault_Handler) for HardFault_Handler
    startup_stm32f10x_md.o(RESET) refers to stm32f10x_it.o(i.MemManage_Handler) for MemManage_Handler
    startup_stm32f10x_md.o(RESET) refers to stm32f10x_it.o(i.BusFault_Handler) for BusFault_Handler
    startup_stm32f10x_md.o(RESET) refers to stm32f10x_it.o(i.UsageFault_Handler) for UsageFault_Handler
    startup_stm32f10x_md.o(RESET) refers to port.o(.emb_text) for SVC_Handler
    startup_stm32f10x_md.o(RESET) refers to stm32f10x_it.o(i.DebugMon_Handler) for DebugMon_Handler
    startup_stm32f10x_md.o(RESET) refers to stm32f10x_it.o(i.SysTick_Handler) for SysTick_Handler
    startup_stm32f10x_md.o(RESET) refers to main.o(i.TIM1_UP_IRQHandler) for TIM1_UP_IRQHandler
    startup_stm32f10x_md.o(RESET) refers to main.o(i.TIM2_IRQHandler) for TIM2_IRQHandler
    startup_stm32f10x_md.o(RESET) refers to main.o(i.TIM3_IRQHandler) for TIM3_IRQHandler
    startup_stm32f10x_md.o(RESET) refers to usart1.o(i.USART1_IRQHandler) for USART1_IRQHandler
    startup_stm32f10x_md.o(RESET) refers to usart23.o(i.USART2_IRQHandler) for USART2_IRQHandler
    startup_stm32f10x_md.o(RESET) refers to usart23.o(i.USART3_IRQHandler) for USART3_IRQHandler
    startup_stm32f10x_md.o(.text) refers to system_stm32f10x.o(i.SystemInit) for SystemInit
    startup_stm32f10x_md.o(.text) refers to entry.o(.ARM.Collect$$$$00000000) for __main
    system_stm32f10x.o(i.SystemCoreClockUpdate) refers to system_stm32f10x.o(.data) for .data
    system_stm32f10x.o(i.SystemInit) refers to system_stm32f10x.o(i.SetSysClockTo72) for SetSysClockTo72
    stm32f10x_adc.o(i.ADC_DeInit) refers to stm32f10x_rcc.o(i.RCC_APB2PeriphResetCmd) for RCC_APB2PeriphResetCmd
    stm32f10x_bkp.o(i.BKP_DeInit) refers to stm32f10x_rcc.o(i.RCC_BackupResetCmd) for RCC_BackupResetCmd
    stm32f10x_can.o(i.CAN_DeInit) refers to stm32f10x_rcc.o(i.RCC_APB1PeriphResetCmd) for RCC_APB1PeriphResetCmd
    stm32f10x_can.o(i.CAN_GetITStatus) refers to stm32f10x_can.o(i.CheckITStatus) for CheckITStatus
    stm32f10x_cec.o(i.CEC_DeInit) refers to stm32f10x_rcc.o(i.RCC_APB1PeriphResetCmd) for RCC_APB1PeriphResetCmd
    stm32f10x_dac.o(i.DAC_DeInit) refers to stm32f10x_rcc.o(i.RCC_APB1PeriphResetCmd) for RCC_APB1PeriphResetCmd
    stm32f10x_flash.o(i.FLASH_EnableWriteProtection) refers to stm32f10x_flash.o(i.FLASH_WaitForLastOperation) for FLASH_WaitForLastOperation
    stm32f10x_flash.o(i.FLASH_EraseAllBank1Pages) refers to stm32f10x_flash.o(i.FLASH_WaitForLastBank1Operation) for FLASH_WaitForLastBank1Operation
    stm32f10x_flash.o(i.FLASH_EraseAllPages) refers to stm32f10x_flash.o(i.FLASH_WaitForLastOperation) for FLASH_WaitForLastOperation
    stm32f10x_flash.o(i.FLASH_EraseOptionBytes) refers to stm32f10x_flash.o(i.FLASH_GetReadOutProtectionStatus) for FLASH_GetReadOutProtectionStatus
    stm32f10x_flash.o(i.FLASH_EraseOptionBytes) refers to stm32f10x_flash.o(i.FLASH_WaitForLastOperation) for FLASH_WaitForLastOperation
    stm32f10x_flash.o(i.FLASH_ErasePage) refers to stm32f10x_flash.o(i.FLASH_WaitForLastOperation) for FLASH_WaitForLastOperation
    stm32f10x_flash.o(i.FLASH_ProgramHalfWord) refers to stm32f10x_flash.o(i.FLASH_WaitForLastOperation) for FLASH_WaitForLastOperation
    stm32f10x_flash.o(i.FLASH_ProgramOptionByteData) refers to stm32f10x_flash.o(i.FLASH_WaitForLastOperation) for FLASH_WaitForLastOperation
    stm32f10x_flash.o(i.FLASH_ProgramWord) refers to stm32f10x_flash.o(i.FLASH_WaitForLastOperation) for FLASH_WaitForLastOperation
    stm32f10x_flash.o(i.FLASH_ReadOutProtection) refers to stm32f10x_flash.o(i.FLASH_WaitForLastOperation) for FLASH_WaitForLastOperation
    stm32f10x_flash.o(i.FLASH_UserOptionByteConfig) refers to stm32f10x_flash.o(i.FLASH_WaitForLastOperation) for FLASH_WaitForLastOperation
    stm32f10x_flash.o(i.FLASH_WaitForLastBank1Operation) refers to stm32f10x_flash.o(i.FLASH_GetBank1Status) for FLASH_GetBank1Status
    stm32f10x_flash.o(i.FLASH_WaitForLastOperation) refers to stm32f10x_flash.o(i.FLASH_GetBank1Status) for FLASH_GetBank1Status
    stm32f10x_gpio.o(i.GPIO_AFIODeInit) refers to stm32f10x_rcc.o(i.RCC_APB2PeriphResetCmd) for RCC_APB2PeriphResetCmd
    stm32f10x_gpio.o(i.GPIO_DeInit) refers to stm32f10x_rcc.o(i.RCC_APB2PeriphResetCmd) for RCC_APB2PeriphResetCmd
    stm32f10x_i2c.o(i.I2C_DeInit) refers to stm32f10x_rcc.o(i.RCC_APB1PeriphResetCmd) for RCC_APB1PeriphResetCmd
    stm32f10x_i2c.o(i.I2C_Init) refers to stm32f10x_rcc.o(i.RCC_GetClocksFreq) for RCC_GetClocksFreq
[...]
    prvTimerTask                             0x08005935   Thumb Code    34  timers.o(i.prvTimerTask)
    i.prvUnlockQueue                         0x0800595c   Section        0  queue.o(i.prvUnlockQueue)
    prvUnlockQueue                           0x0800595d   Thumb Code   106  queue.o(i.prvUnlockQueue)
    i.pvPortMalloc                           0x080059c8   Section        0  heap_4.o(i.pvPortMalloc)
    i.pvTaskIncrementMutexHeldCount          0x08005a60   Section        0  tasks.o(i.pvTaskIncrementMutexHeldCount)
    i.pxPortInitialiseStack                  0x08005a78   Section        0  port.o(i.pxPortInitialiseStack)
    i.sin                                    0x08005a9c   Section        0  sin.o(i.sin)
    i.uxListRemove                           0x08005b3c   Section        0  list.o(i.uxListRemove)
    i.vListInitialise                        0x08005b60   Section        0  list.o(i.vListInitialise)
    i.vListInitialiseItem                    0x08005b76   Section        0  list.o(i.vListInitialiseItem)
    i.vListInsert                            0x08005b7c   Section        0  list.o(i.vListInsert)
    i.vListInsertEnd                         0x08005bac   Section        0  list.o(i.vListInsertEnd)
    i.vPortEnterCritical                     0x08005bc4   Section        0  port.o(i.vPortEnterCritical)
    i.vPortExitCritical                      0x08005be0   Section        0  port.o(i.vPortExitCritical)
    i.vPortFree                              0x08005bf4   Section        0  heap_4.o(i.vPortFree)
    i.vPortSetupTimerInterrupt               0x08005c34   Section        0  port.o(i.vPortSetupTimerInterrupt)
    i.vQueueWaitForMessageRestricted         0x08005c48   Section        0  queue.o(i.vQueueWaitForMessageRestricted)
    i.vTaskDelay                             0x08005c8c   Section        0  tasks.o(i.vTaskDelay)
    i.vTaskDelete                            0x08005cbc   Section        0  tasks.o(i.vTaskDelete)
    i.vTaskMissedYield                       0x08005d54   Section        0  tasks.o(i.vTaskMissedYield)
    i.vTaskPlaceOnEventList                  0x08005d60   Section        0  tasks.o(i.vTaskPlaceOnEventList)
    i.vTaskPlaceOnEventListRestricted        0x08005d84   Section        0  tasks.o(i.vTaskPlaceOnEventListRestricted)
    i.vTaskPriorityInherit                   0x08005db0   Section        0  tasks.o(i.vTaskPriorityInherit)
    i.vTaskResume                            0x08005e34   Section        0  tasks.o(i.vTaskResume)
    i.vTaskSetTimeOutState                   0x08005ea0   Section        0  tasks.o(i.vTaskSetTimeOutState)
    i.vTaskStartScheduler                    0x08005eb0   Section        0  tasks.o(i.vTaskStartScheduler)
    i.vTaskSuspend                           0x08005f14   Section        0  tasks.o(i.vTaskSuspend)
    i.vTaskSuspendAll                        0x08005fb0   Section        0  tasks.o(i.vTaskSuspendAll)
    i.vTaskSwitchContext                     0x08005fc0   Section        0  tasks.o(i.vTaskSwitchContext)
    i.xPortStartScheduler                    0x08006024   Section        0  port.o(i.xPortStartScheduler)
    i.xPortSysTickHandler                    0x08006054   Section        0  port.o(i.xPortSysTickHandler)
    i.xQueueGenericCreate                    0x08006080   Section        0  queue.o(i.xQueueGenericCreate)
    i.xQueueGenericReceive                   0x080060c0   Section        0  queue.o(i.xQueueGenericReceive)
    i.xQueueGenericReset                     0x080061e4   Section        0  queue.o(i.xQueueGenericReset)
    i.xQueueGenericSend                      0x08006258   Section        0  queue.o(i.xQueueGenericSend)
    i.xQueueGenericSendFromISR               0x08006358   Section        0  queue.o(i.xQueueGenericSendFromISR)
    i.xTaskCheckForTimeOut                   0x080063c0   Section        0  tasks.o(i.xTaskCheckForTimeOut)
    i.xTaskCreate                            0x08006408   Section        0  tasks.o(i.xTaskCreate)
    i.xTaskGetSchedulerState                 0x08006460   Section        0  tasks.o(i.xTaskGetSchedulerState)
    i.xTaskGetTickCount                      0x0800647c   Section        0  tasks.o(i.xTaskGetTickCount)
    i.xTaskIncrementTick                     0x08006488   Section        0  tasks.o(i.xTaskIncrementTick)
    i.xTaskPriorityDisinherit                0x0800653c   Section        0  tasks.o(i.xTaskPriorityDisinherit)
    i.xTaskRemoveFromEventList               0x080065ac   Section        0  tasks.o(i.xTaskRemoveFromEventList)
    i.xTaskResumeAll                         0x08006610   Section        0  tasks.o(i.xTaskResumeAll)
    i.xTimerCreateTimerTask                  0x080066c0   Section        0  timers.o(i.xTimerCreateTimerTask)
    i.xTimerGenericCommand                   0x080066fc   Section        0  timers.o(i.xTimerGenericCommand)
    .constdata                               0x08006744   Section      600  testui.o(.constdata)
    .constdata                               0x0800699c   Section      147  testui.o(.constdata)
    .constdata                               0x08006a2f   Section       81  testui.o(.constdata)
    .constdata                               0x08006a80   Section      108  testui.o(.constdata)
    .constdata                               0x08006aec   Section      288  testui.o(.constdata)
    .constdata                               0x08006c0c   Section     5510  oled_g.o(.constdata)
    .constdata                               0x08008198   Section       48  cos_i.o(.constdata)
    C                                        0x08008198   Data          48  cos_i.o(.constdata)
    .constdata                               0x080081c8   Section      200  rred.o(.constdata)
    pio2s                                    0x080081c8   Data          48  rred.o(.constdata)
    twooverpi                                0x080081f8   Data         152  rred.o(.constdata)
    .constdata                               0x08008290   Section       40  sin_i.o(.constdata)
    S                                        0x08008290   Data          40  sin_i.o(.constdata)
    .conststring                             0x080082b8   Section      544  testui.o(.conststring)
    .data                                    0x20000000   Section       20  stm32f10x_rcc.o(.data)
    ADCPrescTable                            0x20000000   Data           4  stm32f10x_rcc.o(.data)
    APBAHBPrescTable                         0x20000004   Data          16  stm32f10x_rcc.o(.data)
    .data                                    0x20000014   Section       20  main.o(.data)
    AppTaskCreate_Handle                     0x20000014   Data           4  main.o(.data)
    DOG_Task_Handle                          0x20000018   Data           4  main.o(.data)
    MOTOR_Task_Handle                        0x2000001c   Data           4  main.o(.data)
    Electro_Task_Handle                      0x20000020   Data           4  main.o(.data)
    OLED_Task_Handle                         0x20000024   Data           4  main.o(.data)
    .data                                    0x20000028   Section        4  stm32f10x_it.o(.data)
    .data                                    0x2000002c   Section      752  testui.o(.data)
    ret                                      0x2000002e   Data           2  testui.o(.data)
    .data                                    0x2000031c   Section        3  usart1.o(.data)
    RxCounter                                0x2000031c   Data           1  usart1.o(.data)
    RxLock                                   0x2000031d   Data           1  usart1.o(.data)
    RxFlag1                                  0x2000031e   Data           1  usart1.o(.data)
    .data                                    0x20000320   Section        4  usart23.o(.data)
    .data                                    0x20000324   Section        4  oled_g.o(.data)
    now_end_point                            0x20000326   Data           2  oled_g.o(.data)
    .data                                    0x20000328   Section       40  oled_ui.o(.data)
    Gap_shine_time                           0x20000329   Data           1  oled_ui.o(.data)
    Uline_shine_time                         0x2000032a   Data           1  oled_ui.o(.data)
    temp_num_pos                             0x2000032e   Data           1  oled_ui.o(.data)
    temp_dir                                 0x2000032f   Data           1  oled_ui.o(.data)
    temp_label_dir                           0x20000330   Data           1  oled_ui.o(.data)
    temp                                     0x20000338   Data           4  oled_ui.o(.data)
    .data                                    0x20000350   Section       68  tasks.o(.data)
    uxDeletedTasksWaitingCleanUp             0x20000354   Data           4  tasks.o(.data)
    uxCurrentNumberOfTasks                   0x20000358   Data           4  tasks.o(.data)
    xTickCount                               0x2000035c   Data           4  tasks.o(.data)
    uxTopReadyPriority                       0x20000360   Data           4  tasks.o(.data)
    xSchedulerRunning                        0x20000364   Data           4  tasks.o(.data)
    uxPendedTicks                            0x20000368   Data           4  tasks.o(.data)
    xYieldPending                            0x2000036c   Data           4  tasks.o(.data)
    xNumOfOverflows                          0x20000370   Data           4  tasks.o(.data)
    uxTaskNumber                             0x20000374   Data           4  tasks.o(.data)
    xNextTaskUnblockTime                     0x20000378   Data           4  tasks.o(.data)
    xIdleTaskHandle                          0x2000037c   Data           4  tasks.o(.data)
    uxSchedulerSuspended                     0x20000380   Data           4  tasks.o(.data)
    ulTaskSwitchedInTime                     0x20000384   Data           4  tasks.o(.data)
    ulTotalRunTime                           0x20000388   Data           4  tasks.o(.data)
    pxDelayedTaskList                        0x2000038c   Data           4  tasks.o(.data)
    pxOverflowDelayedTaskList                0x20000390   Data           4  tasks.o(.data)
    .data                                    0x20000394   Section       20  timers.o(.data)
    xTimerQueue                              0x20000394   Data           4  timers.o(.data)
    xTimerTaskHandle                         0x20000398   Data           4  timers.o(.data)
    xLastTime                                0x2000039c   Data           4  timers.o(.data)
    pxCurrentTimerList                       0x200003a0   Data           4  timers.o(.data)
    pxOverflowTimerList                      0x200003a4   Data           4  timers.o(.data)
    .data                                    0x200003a8   Section       24  heap_4.o(.data)
    pxEnd                                    0x200003a8   Data           4  heap_4.o(.data)
    xFreeBytesRemaining                      0x200003ac   Data           4  heap_4.o(.data)
    xMinimumEverFreeBytesRemaining           0x200003b0   Data           4  heap_4.o(.data)
    xBlockAllocatedBit                       0x200003b4   Data           4  heap_4.o(.data)
    xStart                                   0x200003b8   Data           8  heap_4.o(.data)
    .data                                    0x200003c0   Section        4  port.o(.data)
    uxCriticalNesting                        0x200003c0   Data           4  port.o(.data)
    .data                                    0x200003c4   Section        4  errno.o(.data)
    _errno                                   0x200003c4   Data           4  errno.o(.data)
    .bss                                     0x200003c8   Section      512  testui.o(.bss)
    .bss                                     0x200005c8   Section      800  usart1.o(.bss)
    RxBuffer                                 0x20000820   Data         200  usart1.o(.bss)
    .bss                                     0x200008e8   Section      256  usart23.o(.bss)
    .bss                                     0x200009e8   Section     1024  oled_g.o(.bss)
    .bss                                     0x20000de8   Section      444  oled_ui.o(.bss)
    str                                      0x20000e68   Data          10  oled_ui.o(.bss)
    str                                      0x20000e72   Data          10  oled_ui.o(.bss)
    str                                      0x20000e7c   Data          10  oled_ui.o(.bss)
    .bss                                     0x20000fa4   Section      200  tasks.o(.bss)
    pxReadyTasksLists                        0x20000fa4   Data         100  tasks.o(.bss)
    xDelayedTaskList1                        0x20001008   Data          20  tasks.o(.bss)
    xDelayedTaskList2                        0x2000101c   Data          20  tasks.o(.bss)
    xPendingReadyList                        0x20001030   Data          20  tasks.o(.bss)
    xTasksWaitingTermination                 0x20001044   Data          20  tasks.o(.bss)
    xSuspendedTaskList                       0x20001058   Data          20  tasks.o(.bss)
    .bss                                     0x2000106c   Section       40  timers.o(.bss)
    xActiveTimerList1                        0x2000106c   Data          20  timers.o(.bss)
    xActiveTimerList2                        0x20001080   Data          20  timers.o(.bss)
    .bss                                     0x20001094   Section     8704  heap_4.o(.bss)
    ucHeap                                   0x20001094   Data        8704  heap_4.o(.bss)
    STACK                                    0x20003298   Section     1024  startup_stm32f10x_md.o(STACK)

    Global Symbols

    Symbol Name                              Value     Ov Type        Size  Object(Section)

    BuildAttributes$$THM_ISAv4$P$D$K$B$S$PE$A:L22UL41UL21$X:L11$S22US41US21$IEEE1$IW$USESV6$~STKCKD$USESV7$~SHL$OTIME$ROPI$IEEEX$EBA8$MICROLIB$REQ8$PRES8$EABIv2 0x00000000   Number         0  anon$$obj.o ABSOLUTE
    __ARM_use_no_argv                        0x00000000   Number         0  main.o ABSOLUTE
    _printf_a                                0x00000000   Number         0  stubs.o ABSOLUTE
    _printf_c                                0x00000000   Number         0  stubs.o ABSOLUTE
    _printf_charcount                        0x00000000   Number         0  stubs.o ABSOLUTE
    _printf_d                                0x00000000   Number         0  stubs.o ABSOLUTE
    _printf_e                                0x00000000   Number         0  stubs.o ABSOLUTE
    _printf_f                                0x00000000   Number         0  stubs.o ABSOLUTE
    _printf_flags                            0x00000000   Number         0  stubs.o ABSOLUTE
    _printf_fp_dec                           0x00000000   Number         0  stubs.o ABSOLUTE
    _printf_fp_hex                           0x00000000   Number         0  stubs.o ABSOLUTE
    _printf_g                                0x00000000   Number         0  stubs.o ABSOLUTE
    _printf_i                                0x00000000   Number         0  stubs.o ABSOLUTE
    _printf_int_dec                          0x00000000   Number         0  stubs.o ABSOLUTE
    _printf_l                                0x00000000   Number         0  stubs.o ABSOLUTE
    _printf_lc                               0x00000000   Number         0  stubs.o ABSOLUTE
    _printf_ll                               0x00000000   Number         0  stubs.o ABSOLUTE
    _printf_lld                              0x00000000   Number         0  stubs.o ABSOLUTE
    _printf_lli                              0x00000000   Number         0  stubs.o ABSOLUTE
    _printf_llo                              0x00000000   Number         0  stubs.o ABSOLUTE
    _printf_llu                              0x00000000   Number         0  stubs.o ABSOLUTE
    _printf_llx                              0x00000000   Number         0  stubs.o ABSOLUTE
    _printf_longlong_dec                     0x00000000   Number         0  stubs.o ABSOLUTE
    _printf_longlong_hex                     0x00000000   Number         0  stubs.o ABSOLUTE
    _printf_longlong_oct                     0x00000000   Number         0  stubs.o ABSOLUTE
    _printf_ls                               0x00000000   Number         0  stubs.o ABSOLUTE
    _printf_mbtowc                           0x00000000   Number         0  stubs.o ABSOLUTE
    _printf_n                                0x00000000   Number         0  stubs.o ABSOLUTE
    _printf_o                                0x00000000   Number         0  stubs.o ABSOLUTE
    _printf_p                                0x00000000   Number         0  stubs.o ABSOLUTE
    _printf_percent                          0x00000000   Number         0  stubs.o ABSOLUTE
    _printf_pre_padding                      0x00000000   Number         0  stubs.o ABSOLUTE
    _printf_return_value                     0x00000000   Number         0  stubs.o ABSOLUTE
    _printf_s                                0x00000000   Number         0  stubs.o ABSOLUTE
    _printf_sizespec                         0x00000000   Number         0  stubs.o ABSOLUTE
    _printf_str                              0x00000000   Number         0  stubs.o ABSOLUTE
    _printf_truncate_signed                  0x00000000   Number         0  stubs.o ABSOLUTE
    _printf_truncate_unsigned                0x00000000   Number         0  stubs.o ABSOLUTE
    _printf_u                                0x00000000   Number         0  stubs.o ABSOLUTE
    _printf_wc                               0x00000000   Number         0  stubs.o ABSOLUTE
    _printf_wctomb                           0x00000000   Number         0  stubs.o ABSOLUTE
    _printf_widthprec                        0x00000000   Number         0  stubs.o ABSOLUTE
    _printf_x                                0x00000000   Number         0  stubs.o ABSOLUTE
    __cpp_initialize__aeabi_                  - Undefined Weak Reference
    __cxa_finalize                            - Undefined Weak Reference
    _clock_init                               - Undefined Weak Reference
    _microlib_exit                            - Undefined Weak Reference
    _scanf_int                                - Undefined Weak Reference
    _scanf_longlong                           - Undefined Weak Reference
    _scanf_string                             - Undefined Weak Reference
    __Vectors_Size                           0x000000ec   Number         0  startup_stm32f10x_md.o ABSOLUTE
    __Vectors                                0x08000000   Data           4  startup_stm32f10x_md.o(RESET)
    __Vectors_End                            0x080000ec   Data           0  startup_stm32f10x_md.o(RESET)
    __main                                   0x080000ed   Thumb Code     0  entry.o(.ARM.Collect$$$$00000000)
    _main_stk                                0x080000ed   Thumb Code     0  entry2.o(.ARM.Collect$$$$00000001)
    _main_scatterload                        0x080000f1   Thumb Code     0  entry5.o(.ARM.Collect$$$$00000004)
    __main_after_scatterload                 0x080000f5   Thumb Code     0  entry5.o(.ARM.Collect$$$$00000004)
    _main_clock                              0x080000f5   Thumb Code     0  entry7b.o(.ARM.Collect$$$$00000008)
    _main_cpp_init                           0x080000f5   Thumb Code     0  entry8b.o(.ARM.Collect$$$$0000000A)
    _main_init                               0x080000f5   Thumb Code     0  entry9a.o(.ARM.Collect$$$$0000000B)
    __rt_final_cpp                           0x080000fd   Thumb Code     0  entry10a.o(.ARM.Collect$$$$0000000D)
    __rt_final_exit                          0x080000fd   Thumb Code     0  entry11a.o(.ARM.Collect$$$$0000000F)
    SVC_Handler                              0x08000101   Thumb Code    32  port.o(.emb_text)
    __asm___6_port_c_39a90d8d__prvStartFirstTask 0x08000125   Thumb Code    28  port.o(.emb_text)
    PendSV_Handler                           0x08000145   Thumb Code    72  port.o(.emb_text)
    vPortGetIPSR                             0x08000191   Thumb Code     6  port.o(.emb_text)
    Reset_Handler                            0x08000199   Thumb Code     8  startup_stm32f10x_md.o(.text)
    ADC1_2_IRQHandler                        0x080001b3   Thumb Code     0  startup_stm32f10x_md.o(.text)
    CAN1_RX1_IRQHandler                      0x080001b3   Thumb Code     0  startup_stm32f10x_md.o(.text)
    CAN1_SCE_IRQHandler                      0x080001b3   Thumb Code     0  startup_stm32f10x_md.o(.text)
    DMA1_Channel1_IRQHandler                 0x080001b3   Thumb Code     0  startup_stm32f10x_md.o(.text)
    DMA1_Channel2_IRQHandler                 0x080001b3   Thumb Code     0  startup_stm32f10x_md.o(.text)
    DMA1_Channel3_IRQHandler                 0x080001b3   Thumb Code     0  startup_stm32f10x_md.o(.text)
    DMA1_Channel4_IRQHandler                 0x080001b3   Thumb Code     0  startup_stm32f10x_md.o(.text)
    DMA1_Channel5_IRQHandler                 0x080001b3   Thumb Code     0  startup_stm32f10x_md.o(.text)
    DMA1_Channel6_IRQHandler                 0x080001b3   Thumb Code     0  startup_stm32f10x_md.o(.text)
    DMA1_Channel7_IRQHandler                 0x080001b3   Thumb Code     0  startup_stm32f10x_md.o(.text)
    EXTI0_IRQHandler                         0x080001b3   Thumb Code     0  startup_stm32f10x_md.o(.text)
    EXTI15_10_IRQHandler                     0x080001b3   Thumb Code     0  startup_stm32f10x_md.o(.text)
    EXTI1_IRQHandler                         0x080001b3   Thumb Code     0  startup_stm32f10x_md.o(.text)
    EXTI2_IRQHandler                         0x080001b3   Thumb Code     0  startup_stm32f10x_md.o(.text)
    EXTI3_IRQHandler                         0x080001b3   Thumb Code     0  startup_stm32f10x_md.o(.text)
    EXTI4_IRQHandler                         0x080001b3   Thumb Code     0  startup_stm32f10x_md.o(.text)
    EXTI9_5_IRQHandler                       0x080001b3   Thumb Code     0  startup_stm32f10x_md.o(.text)
    FLASH_IRQHandler                         0x080001b3   Thumb Code     0  startup_stm32f10x_md.o(.text)
    I2C1_ER_IRQHandler                       0x080001b3   Thumb Code     0  startup_stm32f10x_md.o(.text)
    I2C1_EV_IRQHandler                       0x080001b3   Thumb Code     0  startup_stm32f10x_md.o(.text)
    I2C2_ER_IRQHandler                       0x080001b3   Thumb Code     0  startup_stm32f10x_md.o(.text)
    I2C2_EV_IRQHandler                       0x080001b3   Thumb Code     0  startup_stm32f10x_md.o(.text)
    PVD_IRQHandler                           0x080001b3   Thumb Code     0  startup_stm32f10x_md.o(.text)
    RCC_IRQHandler                           0x080001b3   Thumb Code     0  startup_stm32f10x_md.o(.text)
    RTCAlarm_IRQHandler                      0x080001b3   Thumb Code     0  startup_stm32f10x_md.o(.text)
    RTC_IRQHandler                           0x080001b3   Thumb Code     0  startup_stm32f10x_md.o(.text)
    SPI1_IRQHandler                          0x080001b3   Thumb Code     0  startup_stm32f10x_md.o(.text)
    SPI2_IRQHandler                          0x080001b3   Thumb Code     0  startup_stm32f10x_md.o(.text)
    TAMPER_IRQHandler                        0x080001b3   Thumb Code     0  startup_stm32f10x_md.o(.text)
    TIM1_BRK_IRQHandler                      0x080001b3   Thumb Code     0  startup_stm32f10x_md.o(.text)
    TIM1_CC_IRQHandler                       0x080001b3   Thumb Code     0  startup_stm32f10x_md.o(.text)
    TIM1_TRG_COM_IRQHandler                  0x080001b3   Thumb Code     0  startup_stm32f10x_md.o(.text)
    TIM4_IRQHandler                          0x080001b3   Thumb Code     0  startup_stm32f10x_md.o(.text)
    USBWakeUp_IRQHandler                     0x080001b3   Thumb Code     0  startup_stm32f10x_md.o(.text)
    USB_HP_CAN1_TX_IRQHandler                0x080001b3   Thumb Code     0  startup_stm32f10x_md.o(.text)
    USB_LP_CAN1_RX0_IRQHandler               0x080001b3   Thumb Code     0  startup_stm32f10x_md.o(.text)
    WWDG_IRQHandler                          0x080001b3   Thumb Code     0  startup_stm32f10x_md.o(.text)
    __aeabi_memcpy                           0x080001bd   Thumb Code    36  memcpya.o(.text)
    __aeabi_memcpy4                          0x080001bd   Thumb Code     0  memcpya.o(.text)
    __aeabi_memcpy8                          0x080001bd   Thumb Code     0  memcpya.o(.text)
    __aeabi_memset                           0x080001e1   Thumb Code    14  memseta.o(.text)
    __aeabi_memset4                          0x080001e1   Thumb Code     0  memseta.o(.text)
    __aeabi_memset8                          0x080001e1   Thumb Code     0  memseta.o(.text)
    __aeabi_memclr                           0x080001ef   Thumb Code     4  memseta.o(.text)
    __aeabi_memclr4                          0x080001ef   Thumb Code     0  memseta.o(.text)
    __aeabi_memclr8                          0x080001ef   Thumb Code     0  memseta.o(.text)
    _memset$wrapper                          0x080001f3   Thumb Code    18  memseta.o(.text)
    strlen                                   0x08000205   Thumb Code    14  strlen.o(.text)
    strcmp                                   0x08000213   Thumb Code    28  strcmp.o(.text)
    __aeabi_fadd                             0x0800022f   Thumb Code   164  fadd.o(.text)
    __aeabi_fsub                             0x080002d3   Thumb Code     6  fadd.o(.text)
    __aeabi_frsub                            0x080002d9   Thumb Code     6  fadd.o(.text)
    __aeabi_fmul                             0x080002df   Thumb Code   100  fmul.o(.text)
    __aeabi_fdiv                             0x08000343   Thumb Code   124  fdiv.o(.text)
    __ARM_scalbnf                            0x080003bf   Thumb Code    24  fscalb.o(.text)
    scalbnf                                  0x080003bf   Thumb Code     0  fscalb.o(.text)
    __aeabi_dadd                             0x080003d7   Thumb Code   322  dadd.o(.text)
    __aeabi_dsub                             0x08000519   Thumb Code     6  dadd.o(.text)
    __aeabi_drsub                            0x0800051f   Thumb Code     6  dadd.o(.text)
    __aeabi_dmul                             0x08000525   Thumb Code   228  dmul.o(.text)
    __aeabi_ddiv                             0x08000609   Thumb Code   222  ddiv.o(.text)
    __aeabi_i2f                              0x080006e7   Thumb Code    18  fflti.o(.text)
    __aeabi_ui2f                             0x080006f9   Thumb Code    10  ffltui.o(.text)
    __aeabi_i2d                              0x08000703   Thumb Code    34  dflti.o(.text)
    __aeabi_f2iz                             0x08000725   Thumb Code    50  ffixi.o(.text)
    __aeabi_f2uiz                            0x08000757   Thumb Code    40  ffixui.o(.text)
    __aeabi_d2iz                             0x0800077f   Thumb Code    62  dfixi.o(.text)
    __aeabi_f2d                              0x080007bd   Thumb Code    38  f2d.o(.text)
    __aeabi_cdrcmple                         0x080007e5   Thumb Code    48  cdrcmple.o(.text)
    __aeabi_d2f                              0x08000815   Thumb Code    56  d2f.o(.text)
    __aeabi_cfcmpeq                          0x0800084d   Thumb Code     0  cfcmple.o(.text)
    __aeabi_cfcmple                          0x0800084d   Thumb Code    20  cfcmple.o(.text)
    __aeabi_cfrcmple                         0x08000861   Thumb Code    20  cfrcmple.o(.text)
    __aeabi_uidiv                            0x08000875   Thumb Code     0  uidiv.o(.text)
    __aeabi_uidivmod                         0x08000875   Thumb Code    44  uidiv.o(.text)
    __aeabi_uldivmod                         0x080008a1   Thumb Code    98  uldiv.o(.text)
    __aeabi_llsl                             0x08000903   Thumb Code    30  llshl.o(.text)
    _ll_shift_l                              0x08000903   Thumb Code     0  llshl.o(.text)
    __aeabi_llsr                             0x08000921   Thumb Code    32  llushr.o(.text)
    _ll_ushift_r                             0x08000921   Thumb Code     0  llushr.o(.text)
    __aeabi_lasr                             0x08000941   Thumb Code    36  llsshr.o(.text)
    _ll_sshift_r                             0x08000941   Thumb Code     0  llsshr.o(.text)
    __I$use$fp                               0x08000965   Thumb Code     0  iusefp.o(.text)
    _float_round                             0x08000965   Thumb Code    18  fepilogue.o(.text)
    _float_epilogue                          0x08000977   Thumb Code    92  fepilogue.o(.text)
    _double_round                            0x080009d3   Thumb Code    30  depilogue.o(.text)
    _double_epilogue                         0x080009f1   Thumb Code   156  depilogue.o(.text)
    __aeabi_d2ulz                            0x08000a8d   Thumb Code    48  dfixul.o(.text)
    __scatterload                            0x08000abd   Thumb Code    28  init.o(.text)
    __scatterload_rt2                        0x08000abd   Thumb Code     0  init.o(.text)
    __ARM_scalbn                             0x08000ae1   Thumb Code    46  dscalb.o(.text)
    scalbn                                   0x08000ae1   Thumb Code     0  dscalb.o(.text)
    __aeabi_ui2d                             0x08000b0f   Thumb Code    26  dfltui.o(.text)
    __decompress                             0x08000b29   Thumb Code     0  __dczerorl2.o(.text)
    __decompress1                            0x08000b29   Thumb Code    86  __dczerorl2.o(.text)
    About_CallBack                           0x08000b81   Thumb Code    24  testui.o(i.About_CallBack)
    BusFault_Handler                         0x08000cd1   Thumb Code     2  stm32f10x_it.o(i.BusFault_Handler)
    DMA_Cmd                                  0x08000cd3   Thumb Code    22  stm32f10x_dma.o(i.DMA_Cmd)
    DMA_DeInit                               0x08000ce9   Thumb Code   218  stm32f10x_dma.o(i.DMA_DeInit)
    DMA_GetCurrDataCounter                   0x08000dcd   Thumb Code     6  stm32f10x_dma.o(i.DMA_GetCurrDataCounter)
    DMA_Init                                 0x08000dd3   Thumb Code    58  stm32f10x_dma.o(i.DMA_Init)
    DebugMon_Handler                         0x08000e49   Thumb Code     2  stm32f10x_it.o(i.DebugMon_Handler)
    GPIO_Init                                0x08000e53   Thumb Code   156  stm32f10x_gpio.o(i.GPIO_Init)
    GPIO_WriteBit                            0x08000eef   Thumb Code    10  stm32f10x_gpio.o(i.GPIO_WriteBit)
    HardFault_Handler                        0x08000ef9   Thumb Code     2  stm32f10x_it.o(i.HardFault_Handler)
    LockPage_CallBack                        0x08000efd   Thumb Code   100  testui.o(i.LockPage_CallBack)
    MainPage_CallBack                        0x08000f99   Thumb Code    48  testui.o(i.MainPage_CallBack)
    MemManage_Handler                        0x08000fcd   Thumb Code     2  stm32f10x_it.o(i.MemManage_Handler)
    NMI_Handler                              0x08000fcf   Thumb Code     2  stm32f10x_it.o(i.NMI_Handler)
    NVIC_Init                                0x08000fd1   Thumb Code    94  misc.o(i.NVIC_Init)
    NVIC_PriorityGroupConfig                 0x08001035   Thumb Code    10  misc.o(i.NVIC_PriorityGroupConfig)
    OLED_AllSrcFade                          0x08001049   Thumb Code    54  oled_g.o(i.OLED_AllSrcFade)
    OLED_Animation                           0x08001085   Thumb Code   112  oled_g.o(i.OLED_Animation)
    OLED_Clear                               0x08001139   Thumb Code    38  oled_port.o(i.OLED_Clear)
    OLED_ClearBuff                           0x08001161   Thumb Code    10  oled_g.o(i.OLED_ClearBuff)
    OLED_DigitalPageInit                     0x080014c9   Thumb Code    96  oled_ui.o(i.OLED_DigitalPageInit)
    OLED_DigitalPage_UpdateDigitalNumAnimation 0x08001535   Thumb Code   104  oled_ui.o(i.OLED_DigitalPage_UpdateDigitalNumAnimation)
    OLED_DigitalPage_UpdateLabelAnimation    0x080015a1   Thumb Code    86  oled_ui.o(i.OLED_DigitalPage_UpdateLabelAnimation)
    OLED_GetStrWidth                         0x08001d27   Thumb Code    34  oled_g.o(i.OLED_GetStrWidth)
    OLED_I2C_Init                            0x08001d49   Thumb Code    76  oled_port.o(i.OLED_I2C_Init)
    OLED_I2C_SendByte                        0x08001d99   Thumb Code    94  oled_port.o(i.OLED_I2C_SendByte)
    OLED_I2C_Start                           0x08001dfd   Thumb Code    52  oled_port.o(i.OLED_I2C_Start)
    OLED_I2C_Stop                            0x08001e35   Thumb Code    42  oled_port.o(i.OLED_I2C_Stop)
    OLED_Init                                0x08001e65   Thumb Code   172  oled_port.o(i.OLED_Init)
    OLED_ListPageInit                        0x08001fd1   Thumb Code    68  oled_ui.o(i.OLED_ListPageInit)
    OLED_MsgQueRead                          0x080023a1   Thumb Code    34  oled_ui.o(i.OLED_MsgQueRead)
    OLED_MsgQueSend                          0x080023c9   Thumb Code    40  oled_ui.o(i.OLED_MsgQueSend)
    OLED_RaderPicAnimInit                    0x08002421   Thumb Code    20  oled_ui.o(i.OLED_RaderPicAnimInit)
    OLED_RaderPicPageInit                    0x08002439   Thumb Code    50  oled_ui.o(i.OLED_RaderPicPageInit)
    OLED_RaderPicReact                       0x08002479   Thumb Code    28  oled_ui.o(i.OLED_RaderPicReact)
    OLED_RaderPicShow                        0x08002495   Thumb Code   412  oled_ui.o(i.OLED_RaderPicShow)
    OLED_RadioPageInit                       0x08002639   Thumb Code    24  oled_ui.o(i.OLED_RadioPageInit)
    OLED_RadioPageReact                      0x08002655   Thumb Code    88  oled_ui.o(i.OLED_RadioPageReact)
    OLED_RefreshBuff                         0x080026b1   Thumb Code     6  oled_g.o(i.OLED_RefreshBuff)
    OLED_SendBuff                            0x080026bd   Thumb Code    62  oled_port.o(i.OLED_SendBuff)
    OLED_SetCursor                           0x080026fb   Thumb Code    34  oled_port.o(i.OLED_SetCursor)
    OLED_SetPointColor                       0x0800271d   Thumb Code    26  oled_g.o(i.OLED_SetPointColor)
    OLED_TitlePageInit                       0x080027f1   Thumb Code    70  oled_ui.o(i.OLED_TitlePageInit)
    OLED_UIChangeCurrentPage                 0x08002ae5   Thumb Code    18  oled_ui.o(i.OLED_UIChangeCurrentPage)
    OLED_UIJumpToPage                        0x08002afd   Thumb Code    20  oled_ui.o(i.OLED_UIJumpToPage)
    OLED_UIProc                              0x08002be5   Thumb Code    48  oled_ui.o(i.OLED_UIProc)
    OLED_UIWaveUpdateVal                     0x08002c1d   Thumb Code     4  oled_ui.o(i.OLED_UIWaveUpdateVal)
    OLED_UiInit                              0x08002c21   Thumb Code    70  oled_ui.o(i.OLED_UiInit)
    OLED_WavePageAnimInit                    0x08002e81   Thumb Code    20  oled_ui.o(i.OLED_WavePageAnimInit)
    OLED_WavePageInit                        0x08002e9d   Thumb Code    32  oled_ui.o(i.OLED_WavePageInit)
    OLED_WavePageReact                       0x08002ec9   Thumb Code    30  oled_ui.o(i.OLED_WavePageReact)
    OLED_WavePageShow                        0x08002eed   Thumb Code   366  oled_ui.o(i.OLED_WavePageShow)
    OLED_WinDrawASCII                        0x08003065   Thumb Code   234  oled_g.o(i.OLED_WinDrawASCII)
    OLED_WinDrawBMP                          0x0800315d   Thumb Code   208  oled_g.o(i.OLED_WinDrawBMP)
    OLED_WinDrawHLine                        0x0800322d   Thumb Code    68  oled_g.o(i.OLED_WinDrawHLine)
    OLED_WinDrawLine                         0x08003271   Thumb Code   228  oled_g.o(i.OLED_WinDrawLine)
    OLED_WinDrawPoint                        0x08003355   Thumb Code     6  oled_g.o(i.OLED_WinDrawPoint)
    OLED_WinDrawRBox                         0x0800335b   Thumb Code    92  oled_g.o(i.OLED_WinDrawRBox)
    OLED_WinDrawRBoxEmpty                    0x080033b7   Thumb Code   140  oled_g.o(i.OLED_WinDrawRBoxEmpty)
    OLED_WinDrawRaderPic                     0x08003445   Thumb Code   412  oled_g.o(i.OLED_WinDrawRaderPic)
    OLED_WinDrawStr                          0x080035e5   Thumb Code    50  oled_g.o(i.OLED_WinDrawStr)
    OLED_WinDrawVLine                        0x08003617   Thumb Code   140  oled_g.o(i.OLED_WinDrawVLine)
    OLED_WriteCommand                        0x0800377d   Thumb Code    34  oled_port.o(i.OLED_WriteCommand)
    OLED_WriteData                           0x0800379f   Thumb Code    34  oled_port.o(i.OLED_WriteData)
    RCC_AHBPeriphClockCmd                    0x080037c1   Thumb Code    18  stm32f10x_rcc.o(i.RCC_AHBPeriphClockCmd)
    RCC_APB1PeriphClockCmd                   0x080037d9   Thumb Code    18  stm32f10x_rcc.o(i.RCC_APB1PeriphClockCmd)
    RCC_APB2PeriphClockCmd                   0x080037f1   Thumb Code    18  stm32f10x_rcc.o(i.RCC_APB2PeriphClockCmd)
    RCC_GetClocksFreq                        0x08003809   Thumb Code   132  stm32f10x_rcc.o(i.RCC_GetClocksFreq)
    Serial_SendByte                          0x0800389d   Thumb Code    26  usart1.o(i.Serial_SendByte)
    Serial_SendString                        0x080038bd   Thumb Code    24  usart1.o(i.Serial_SendString)
    SettingPage_CallBack                     0x0800397d   Thumb Code   112  testui.o(i.SettingPage_CallBack)
    SysTick_Handler                          0x080039f1   Thumb Code     4  stm32f10x_it.o(i.SysTick_Handler)
    SystemInit                               0x080039f5   Thumb Code    64  system_stm32f10x.o(i.SystemInit)
    TIM1_UP_IRQHandler                       0x08003a45   Thumb Code    30  main.o(i.TIM1_UP_IRQHandler)
    TIM2_IRQHandler                          0x08003a69   Thumb Code    30  main.o(i.TIM2_IRQHandler)
    TIM3_IRQHandler                          0x08003a89   Thumb Code    30  main.o(i.TIM3_IRQHandler)
    TIM_ClearFlag                            0x08003aad   Thumb Code     6  stm32f10x_tim.o(i.TIM_ClearFlag)
    TIM_ClearITPendingBit                    0x08003ab3   Thumb Code     6  stm32f10x_tim.o(i.TIM_ClearITPendingBit)
    TIM_Cmd                                  0x08003ab9   Thumb Code    20  stm32f10x_tim.o(i.TIM_Cmd)
    TIM_GetITStatus                          0x08003acd   Thumb Code    24  stm32f10x_tim.o(i.TIM_GetITStatus)
    TIM_ITConfig                             0x08003ae5   Thumb Code    16  stm32f10x_tim.o(i.TIM_ITConfig)
    TIM_TimeBaseInit                         0x08003af5   Thumb Code   114  stm32f10x_tim.o(i.TIM_TimeBaseInit)
    TestUI_Init                              0x08003b91   Thumb Code   270  testui.o(i.TestUI_Init)
    TestUI_Proc                              0x08003cc9   Thumb Code    96  testui.o(i.TestUI_Proc)
    Timer1_Init                              0x08003d3d   Thumb Code   104  timer.o(i.Timer1_Init)
    Triangle_Func                            0x08003da9   Thumb Code    52  testui.o(i.Triangle_Func)
    USART1_IRQHandler                        0x08003de1   Thumb Code   198  usart1.o(i.USART1_IRQHandler)
    USART1_Init                              0x08003ec1   Thumb Code   168  usart1.o(i.USART1_Init)
    USART1_printf                            0x08003f71   Thumb Code    28  usart1.o(i.USART1_printf)
    USART2_IRQHandler                        0x08003f8d   Thumb Code    60  usart23.o(i.USART2_IRQHandler)
    USART2_Init                              0x08003fd5   Thumb Code   230  usart23.o(i.USART2_Init)
    USART2_printf                            0x080040cd   Thumb Code    72  usart23.o(i.USART2_printf)
    USART3_IRQHandler                        0x08004119   Thumb Code    60  usart23.o(i.USART3_IRQHandler)
    USART_ClearFlag                          0x08004161   Thumb Code     6  stm32f10x_usart.o(i.USART_ClearFlag)
    USART_ClearITPendingBit                  0x08004167   Thumb Code    12  stm32f10x_usart.o(i.USART_ClearITPendingBit)
    USART_Cmd                                0x08004173   Thumb Code    20  stm32f10x_usart.o(i.USART_Cmd)
    USART_DMACmd                             0x08004187   Thumb Code    16  stm32f10x_usart.o(i.USART_DMACmd)
    USART_GetFlagStatus                      0x08004197   Thumb Code    14  stm32f10x_usart.o(i.USART_GetFlagStatus)
    USART_GetITStatus                        0x080041a5   Thumb Code    62  stm32f10x_usart.o(i.USART_GetITStatus)
    USART_ITConfig                           0x080041e3   Thumb Code    48  stm32f10x_usart.o(i.USART_ITConfig)
    USART_Init                               0x08004215   Thumb Code   166  stm32f10x_usart.o(i.USART_Init)
    USART_ReceiveData                        0x080042c1   Thumb Code     8  stm32f10x_usart.o(i.USART_ReceiveData)
    USART_SendData                           0x080042c9   Thumb Code     8  stm32f10x_usart.o(i.USART_SendData)
    UsageFault_Handler                       0x080042d1   Thumb Code     2  stm32f10x_it.o(i.UsageFault_Handler)
    __0sprintf                               0x080042d5   Thumb Code    34  printfa.o(i.__0sprintf)
    __1sprintf                               0x080042d5   Thumb Code     0  printfa.o(i.__0sprintf)
    __2sprintf                               0x080042d5   Thumb Code     0  printfa.o(i.__0sprintf)
    __c89sprintf                             0x080042d5   Thumb Code     0  printfa.o(i.__0sprintf)
    sprintf                                  0x080042d5   Thumb Code     0  printfa.o(i.__0sprintf)
    __0vsnprintf                             0x080042fd   Thumb Code    32  printfa.o(i.__0vsnprintf)
    __1vsnprintf                             0x080042fd   Thumb Code     0  printfa.o(i.__0vsnprintf)
    __2vsnprintf                             0x080042fd   Thumb Code     0  printfa.o(i.__0vsnprintf)
    __c89vsnprintf                           0x080042fd   Thumb Code     0  printfa.o(i.__0vsnprintf)
    vsnprintf                                0x080042fd   Thumb Code     0  printfa.o(i.__0vsnprintf)
    __0vsprintf                              0x08004321   Thumb Code    30  printfa.o(i.__0vsprintf)
    __1vsprintf                              0x08004321   Thumb Code     0  printfa.o(i.__0vsprintf)
    __2vsprintf                              0x08004321   Thumb Code     0  printfa.o(i.__0vsprintf)
    __c89vsprintf                            0x08004321   Thumb Code     0  printfa.o(i.__0vsprintf)
    vsprintf                                 0x08004321   Thumb Code     0  printfa.o(i.__0vsprintf)
    __ARM_fpclassify                         0x08004345   Thumb Code    40  fpclassify.o(i.__ARM_fpclassify)
    __ieee754_rem_pio2                       0x0800436d   Thumb Code   828  rred.o(i.__ieee754_rem_pio2)
    __kernel_cos                             0x080046f5   Thumb Code   230  cos_i.o(i.__kernel_cos)
    __kernel_poly                            0x080047f1   Thumb Code   170  poly.o(i.__kernel_poly)
    __kernel_sin                             0x0800489d   Thumb Code   224  sin_i.o(i.__kernel_sin)
    __mathlib_dbl_infnan                     0x08004989   Thumb Code     6  dunder.o(i.__mathlib_dbl_infnan)
    __mathlib_dbl_invalid                    0x0800498f   Thumb Code    12  dunder.o(i.__mathlib_dbl_invalid)
    __mathlib_dbl_underflow                  0x0800499d   Thumb Code    10  dunder.o(i.__mathlib_dbl_underflow)
    __scatterload_copy                       0x080049ad   Thumb Code    14  handlers.o(i.__scatterload_copy)
    __scatterload_null                       0x080049bb   Thumb Code     2  handlers.o(i.__scatterload_null)
    __scatterload_zeroinit                   0x080049bd   Thumb Code    14  handlers.o(i.__scatterload_zeroinit)
    __set_errno                              0x080049cd   Thumb Code     6  errno.o(i.__set_errno)
    itoa                                     0x0800528d   Thumb Code    26  oled_ui.o(i.itoa)
    main                                     0x080052b1   Thumb Code    66  main.o(i.main)
    pvPortMalloc                             0x080059c9   Thumb Code   148  heap_4.o(i.pvPortMalloc)
    pvTaskIncrementMutexHeldCount            0x08005a61   Thumb Code    18  tasks.o(i.pvTaskIncrementMutexHeldCount)
    pxPortInitialiseStack                    0x08005a79   Thumb Code    32  port.o(i.pxPortInitialiseStack)
    sin                                      0x08005a9d   Thumb Code   150  sin.o(i.sin)
    uxListRemove                             0x08005b3d   Thumb Code    36  list.o(i.uxListRemove)
    vListInitialise                          0x08005b61   Thumb Code    22  list.o(i.vListInitialise)
    vListInitialiseItem                      0x08005b77   Thumb Code     6  list.o(i.vListInitialiseItem)
    vListInsert                              0x08005b7d   Thumb Code    48  list.o(i.vListInsert)
    vListInsertEnd                           0x08005bad   Thumb Code    24  list.o(i.vListInsertEnd)
    vPortEnterCritical                       0x08005bc5   Thumb Code    24  port.o(i.vPortEnterCritical)
    vPortExitCritical                        0x08005be1   Thumb Code    16  port.o(i.vPortExitCritical)
    vPortFree                                0x08005bf5   Thumb Code    58  heap_4.o(i.vPortFree)
    vPortSetupTimerInterrupt                 0x08005c35   Thumb Code    14  port.o(i.vPortSetupTimerInterrupt)
    vQueueWaitForMessageRestricted           0x08005c49   Thumb Code    68  queue.o(i.vQueueWaitForMessageRestricted)
    vTaskDelay                               0x08005c8d   Thumb Code    44  tasks.o(i.vTaskDelay)
    vTaskDelete                              0x08005cbd   Thumb Code   138  tasks.o(i.vTaskDelete)
    vTaskMissedYield                         0x08005d55   Thumb Code     8  tasks.o(i.vTaskMissedYield)
    vTaskPlaceOnEventList                    0x08005d61   Thumb Code    30  tasks.o(i.vTaskPlaceOnEventList)
    vTaskPlaceOnEventListRestricted          0x08005d85   Thumb Code    38  tasks.o(i.vTaskPlaceOnEventListRestricted)
    vTaskPriorityInherit                     0x08005db1   Thumb Code   124  tasks.o(i.vTaskPriorityInherit)
    vTaskResume                              0x08005e35   Thumb Code    96  tasks.o(i.vTaskResume)
    vTaskSetTimeOutState                     0x08005ea1   Thumb Code    12  tasks.o(i.vTaskSetTimeOutState)
    vTaskStartScheduler                      0x08005eb1   Thumb Code    78  tasks.o(i.vTaskStartScheduler)
    vTaskSuspend                             0x08005f15   Thumb Code   142  tasks.o(i.vTaskSuspend)
    vTaskSuspendAll                          0x08005fb1   Thumb Code    10  tasks.o(i.vTaskSuspendAll)
    vTaskSwitchContext                       0x08005fc1   Thumb Code    86  tasks.o(i.vTaskSwitchContext)
    xPortStartScheduler                      0x08006025   Thumb Code    38  port.o(i.xPortStartScheduler)
    xPortSysTickHandler                      0x08006055   Thumb Code    38  port.o(i.xPortSysTickHandler)
    xQueueGenericCreate                      0x08006081   Thumb Code    64  queue.o(i.xQueueGenericCreate)
    xQueueGenericReceive                     0x080060c1   Thumb Code   286  queue.o(i.xQueueGenericReceive)
    xQueueGenericReset                       0x080061e5   Thumb Code   112  queue.o(i.xQueueGenericReset)
    xQueueGenericSend                        0x08006259   Thumb Code   250  queue.o(i.xQueueGenericSend)
    xQueueGenericSendFromISR                 0x08006359   Thumb Code   102  queue.o(i.xQueueGenericSendFromISR)
    xTaskCheckForTimeOut                     0x080063c1   Thumb Code    66  tasks.o(i.xTaskCheckForTimeOut)
    xTaskCreate                              0x08006409   Thumb Code    86  tasks.o(i.xTaskCreate)
    xTaskGetSchedulerState                   0x08006461   Thumb Code    22  tasks.o(i.xTaskGetSchedulerState)
    xTaskGetTickCount                        0x0800647d   Thumb Code     6  tasks.o(i.xTaskGetTickCount)
    xTaskIncrementTick                       0x08006489   Thumb Code   170  tasks.o(i.xTaskIncrementTick)
    xTaskPriorityDisinherit                  0x0800653d   Thumb Code   102  tasks.o(i.xTaskPriorityDisinherit)
    xTaskRemoveFromEventList                 0x080065ad   Thumb Code    90  tasks.o(i.xTaskRemoveFromEventList)
    xTaskResumeAll                           0x08006611   Thumb Code   164  tasks.o(i.xTaskResumeAll)
    xTimerCreateTimerTask                    0x080066c1   Thumb Code    42  timers.o(i.xTimerCreateTimerTask)
    xTimerGenericCommand                     0x080066fd   Thumb Code    68  timers.o(i.xTimerGenericCommand)
    main_icon_array                          0x08006744   Data         600  testui.o(.constdata)
    logo_wouo_pic                            0x0800699c   Data         147  testui.o(.constdata)
    logo_ui_pic                              0x08006a2f   Data          81  testui.o(.constdata)
    logo_page_pic                            0x08006a80   Data         108  testui.o(.constdata)
    logo_version_pic                         0x08006aec   Data         288  testui.o(.constdata)
    F6x8                                     0x08006c0c   Data         570  oled_g.o(.constdata)
    F8X16                                    0x08006e46   Data        1520  oled_g.o(.constdata)
    F12X24                                   0x08007436   Data        3420  oled_g.o(.constdata)
    Region$$Table$$Base                      0x080084d8   Number         0  anon$$obj.o(Region$$Table)
    Region$$Table$$Limit                     0x080084f8   Number         0  anon$$obj.o(Region$$Table)
    CPU_RunTime                              0x20000028   Data           4  stm32f10x_it.o(.data)
    n                                        0x2000002c   Data           2  testui.o(.data)
    lock_password                            0x20000030   Data           3  testui.o(.data)
    lock_label_array                         0x20000034   Data           8  testui.o(.data)
    mian_option_array                        0x2000003c   Data          80  testui.o(.data)
    logo_rpp_array                           0x2000008c   Data          48  testui.o(.data)
    setting_option_array                     0x200000bc   Data         208  testui.o(.data)
    curve_option_array                       0x2000018c   Data          32  testui.o(.data)
    lock_option_array                        0x200001ac   Data          48  testui.o(.data)
    about_option_array                       0x200001dc   Data          48  testui.o(.data)
    about_wououi_option_array                0x2000020c   Data         144  testui.o(.data)
    about_pageversion_array                  0x2000029c   Data         128  testui.o(.data)
    USART2_RX_STA                            0x20000320   Data           2  usart23.o(.data)
    USART3_RX_STA                            0x20000322   Data           2  usart23.o(.data)
    oled_color                               0x20000324   Data           1  oled_g.o(.data)
    radio_click_flag                         0x20000328   Data           1  oled_ui.o(.data)
    last_or_next_label_index                 0x2000032b   Data           1  oled_ui.o(.data)
    msg_que_font                             0x2000032c   Data           1  oled_ui.o(.data)
    msg_que_rear                             0x2000032d   Data           1  oled_ui.o(.data)
    msg_queue                                0x20000331   Data           4  oled_ui.o(.data)
    digital_num_xindex                       0x2000033c   Data           6  oled_ui.o(.data)
    num_array                                0x20000342   Data           6  oled_ui.o(.data)
    w_all                                    0x20000348   Data           8  oled_ui.o(.data)
    pxCurrentTCB                             0x20000350   Data           4  tasks.o(.data)
    main_page                                0x200003c8   Data          68  testui.o(.bss)
    logo_page                                0x2000040c   Data          40  testui.o(.bss)
    setting_page                             0x20000434   Data          64  testui.o(.bss)
    curve_page                               0x20000474   Data          64  testui.o(.bss)
    lock_page                                0x200004b4   Data          84  testui.o(.bss)
    about_page                               0x20000508   Data          64  testui.o(.bss)
    about_wououi_page                        0x20000548   Data          64  testui.o(.bss)
    about_page_version_page                  0x20000588   Data          64  testui.o(.bss)
    USART1_RX_BUF                            0x200005c8   Data         600  usart1.o(.bss)
    USART2_RX_BUF                            0x200008e8   Data         128  usart23.o(.bss)
    USART3_RX_BUF                            0x20000968   Data         128  usart23.o(.bss)
    oled_buff                                0x200009e8   Data        1024  oled_g.o(.bss)
    page_array                               0x20000de8   Data         128  oled_ui.o(.bss)
    wave_tag                                 0x20000e88   Data         200  oled_ui.o(.bss)
    ui_para                                  0x20000f50   Data          12  oled_ui.o(.bss)
    ui                                       0x20000f5c   Data          72  oled_ui.o(.bss)
    __initial_sp                             0x20003698   Data           0  startup_stm32f10x_md.o(STACK)



==============================================================================

Memory Map of the image

  Image Entry point : 0x080000ed

  Load Region LR_IROM1 (Base: 0x08000000, Size: 0x000088c0, Max: 0x00010000, ABSOLUTE, COMPRESSED[0x000085ec])

    Execution Region ER_IROM1 (Exec base: 0x08000000, Load base: 0x08000000, Size: 0x000084f8, Max: 0x00010000, ABSOLUTE)

    Exec Addr    Load Addr    Size         Type   Attr      Idx    E Section Name        Object

    0x08000000   0x08000000   0x000000ec   Data   RO            3    RESET               startup_stm32f10x_md.o
    0x080000ec   0x080000ec   0x00000000   Code   RO         6003  * .ARM.Collect$$$$00000000  mc_w.l(entry.o)
    0x080000ec   0x080000ec   0x00000004   Code   RO         6387    .ARM.Collect$$$$00000001  mc_w.l(entry2.o)
    0x080000f0   0x080000f0   0x00000004   Code   RO         6390    .ARM.Collect$$$$00000004  mc_w.l(entry5.o)
    0x080000f4   0x080000f4   0x00000000   Code   RO         6392    .ARM.Collect$$$$00000008  mc_w.l(entry7b.o)
    0x080000f4   0x080000f4   0x00000000   Code   RO         6394    .ARM.Collect$$$$0000000A  mc_w.l(entry8b.o)
    0x080000f4   0x080000f4   0x00000008   Code   RO         6395    .ARM.Collect$$$$0000000B  mc_w.l(entry9a.o)
    0x080000fc   0x080000fc   0x00000000   Code   RO         6397    .ARM.Collect$$$$0000000D  mc_w.l(entry10a.o)
    0x080000fc   0x080000fc   0x00000000   Code   RO         6399    .ARM.Collect$$$$0000000F  mc_w.l(entry11a.o)
    0x080000fc   0x080000fc   0x00000004   Code   RO         6388    .ARM.Collect$$$$00002712  mc_w.l(entry2.o)
    0x08000100   0x08000100   0x00000096   Code   RO         5920    .emb_text           port.o
    0x08000196   0x08000196   0x00000002   PAD
    0x08000198   0x08000198   0x00000024   Code   RO            4    .text               startup_stm32f10x_md.o
    0x080001bc   0x080001bc   0x00000024   Code   RO         6008    .text               mc_w.l(memcpya.o)
    0x080001e0   0x080001e0   0x00000024   Code   RO         6010    .text               mc_w.l(memseta.o)
    0x08000204   0x08000204   0x0000000e   Code   RO         6016    .text               mc_w.l(strlen.o)
    0x08000212   0x08000212   0x0000001c   Code   RO         6018    .text               mc_w.l(strcmp.o)
    0x0800022e   0x0800022e   0x000000b0   Code   RO         6321    .text               mf_w.l(fadd.o)
    0x080002de   0x080002de   0x00000064   Code   RO         6323    .text               mf_w.l(fmul.o)
    0x08000342   0x08000342   0x0000007c   Code   RO         6325    .text               mf_w.l(fdiv.o)
    0x080003be   0x080003be   0x00000018   Code   RO         6327    .text               mf_w.l(fscalb.o)
    0x080003d6   0x080003d6   0x0000014e   Code   RO         6329    .text               mf_w.l(dadd.o)
    0x08000524   0x08000524   0x000000e4   Code   RO         6331    .text               mf_w.l(dmul.o)
    0x08000608   0x08000608   0x000000de   Code   RO         6333    .text               mf_w.l(ddiv.o)
    0x080006e6   0x080006e6   0x00000012   Code   RO         6335    .text               mf_w.l(fflti.o)
    0x080006f8   0x080006f8   0x0000000a   Code   RO         6337    .text               mf_w.l(ffltui.o)
    0x08000702   0x08000702   0x00000022   Code   RO         6339    .text               mf_w.l(dflti.o)
    0x08000724   0x08000724   0x00000032   Code   RO         6341    .text               mf_w.l(ffixi.o)
    0x08000756   0x08000756   0x00000028   Code   RO         6343    .text               mf_w.l(ffixui.o)
    0x0800077e   0x0800077e   0x0000003e   Code   RO         6345    .text               mf_w.l(dfixi.o)
    0x080007bc   0x080007bc   0x00000026   Code   RO         6347    .text               mf_w.l(f2d.o)
    0x080007e2   0x080007e2   0x00000002   PAD
    0x080007e4   0x080007e4   0x00000030   Code   RO         6351    .text               mf_w.l(cdrcmple.o)
    0x08000814   0x08000814   0x00000038   Code   RO         6353    .text               mf_w.l(d2f.o)
    0x0800084c   0x0800084c   0x00000014   Code   RO         6355    .text               mf_w.l(cfcmple.o)
    0x08000860   0x08000860   0x00000014   Code   RO         6357    .text               mf_w.l(cfrcmple.o)
    0x08000874   0x08000874   0x0000002c   Code   RO         6402    .text               mc_w.l(uidiv.o)
    0x080008a0   0x080008a0   0x00000062   Code   RO         6404    .text               mc_w.l(uldiv.o)
    0x08000902   0x08000902   0x0000001e   Code   RO         6406    .text               mc_w.l(llshl.o)
    0x08000920   0x08000920   0x00000020   Code   RO         6408    .text               mc_w.l(llushr.o)
    0x08000940   0x08000940   0x00000024   Code   RO         6410    .text               mc_w.l(llsshr.o)
    0x08000964   0x08000964   0x00000000   Code   RO         6427    .text               mc_w.l(iusefp.o)
    0x08000964   0x08000964   0x0000006e   Code   RO         6428    .text               mf_w.l(fepilogue.o)
    0x080009d2   0x080009d2   0x000000ba   Code   RO         6430    .text               mf_w.l(depilogue.o)
    0x08000a8c   0x08000a8c   0x00000030   Code   RO         6434    .text               mf_w.l(dfixul.o)
    0x08000abc   0x08000abc   0x00000024   Code   RO         6440    .text               mc_w.l(init.o)
    0x08000ae0   0x08000ae0   0x0000002e   Code   RO         6446    .text               mf_w.l(dscalb.o)
    0x08000b0e   0x08000b0e   0x0000001a   Code   RO         6448    .text               mf_w.l(dfltui.o)
    0x08000b28   0x08000b28   0x00000056   Code   RO         6461    .text               mc_w.l(__dczerorl2.o)
    0x08000b7e   0x08000b7e   0x00000002   PAD
    0x08000b80   0x08000b80   0x0000001c   Code   RO         3695    i.About_CallBack    testui.o
    0x08000b9c   0x08000b9c   0x00000134   Code   RO         3173    i.AppTaskCreate     main.o
    0x08000cd0   0x08000cd0   0x00000002   Code   RO         3385    i.BusFault_Handler  stm32f10x_it.o
    0x08000cd2   0x08000cd2   0x00000016   Code   RO          906    i.DMA_Cmd           stm32f10x_dma.o
    0x08000ce8   0x08000ce8   0x000000e4   Code   RO          907    i.DMA_DeInit        stm32f10x_dma.o
    0x08000dcc   0x08000dcc   0x00000006   Code   RO          908    i.DMA_GetCurrDataCounter  stm32f10x_dma.o
    0x08000dd2   0x08000dd2   0x0000003a   Code   RO          912    i.DMA_Init          stm32f10x_dma.o
    0x08000e0c   0x08000e0c   0x0000003c   Code   RO         3174    i.DOG_Task          main.o
    0x08000e48   0x08000e48   0x00000002   Code   RO         3386    i.DebugMon_Handler  stm32f10x_it.o
    0x08000e4a   0x08000e4a   0x00000008   Code   RO         3175    i.Electro_Task      main.o
    0x08000e52   0x08000e52   0x0000009c   Code   RO         1340    i.GPIO_Init         stm32f10x_gpio.o
    0x08000eee   0x08000eee   0x0000000a   Code   RO         1351    i.GPIO_WriteBit     stm32f10x_gpio.o
    0x08000ef8   0x08000ef8   0x00000002   Code   RO         3387    i.HardFault_Handler  stm32f10x_it.o
    0x08000efa   0x08000efa   0x00000002   PAD
    0x08000efc   0x08000efc   0x00000070   Code   RO         3696    i.LockPage_CallBack  testui.o
    0x08000f6c   0x08000f6c   0x0000002c   Code   RO         3176    i.MOTOR_Task        main.o
    0x08000f98   0x08000f98   0x00000034   Code   RO         3697    i.MainPage_CallBack  testui.o
    0x08000fcc   0x08000fcc   0x00000002   Code   RO         3388    i.MemManage_Handler  stm32f10x_it.o
    0x08000fce   0x08000fce   0x00000002   Code   RO         3389    i.NMI_Handler       stm32f10x_it.o
    0x08000fd0   0x08000fd0   0x00000064   Code   RO          132    i.NVIC_Init         misc.o
    0x08001034   0x08001034   0x00000014   Code   RO          133    i.NVIC_PriorityGroupConfig  misc.o
    0x08001048   0x08001048   0x0000003c   Code   RO         3901    i.OLED_AllSrcFade   oled_g.o
    0x08001084   0x08001084   0x00000078   Code   RO         3902    i.OLED_Animation    oled_g.o
    0x080010fc   0x080010fc   0x0000003c   Code   RO         3903    i.OLED_BuffWriteByte  oled_g.o
    0x08001138   0x08001138   0x00000026   Code   RO         4027    i.OLED_Clear        oled_port.o
    0x0800115e   0x0800115e   0x00000002   PAD
    0x08001160   0x08001160   0x00000010   Code   RO         3904    i.OLED_ClearBuff    oled_g.o
    0x08001170   0x08001170   0x00000028   Code   RO         4136    i.OLED_ConWinAnimInit  oled_ui.o
    0x08001198   0x08001198   0x00000068   Code   RO         4137    i.OLED_ConWinReact  oled_ui.o
    0x08001200   0x08001200   0x00000170   Code   RO         4138    i.OLED_ConWinShow   oled_ui.o
    0x08001370   0x08001370   0x00000058   Code   RO         4139    i.OLED_DigitalAnimInit  oled_ui.o
    0x080013c8   0x080013c8   0x00000020   Code   RO         4140    i.OLED_DigitalDirChangey  oled_ui.o
    0x080013e8   0x080013e8   0x00000026   Code   RO         4141    i.OLED_DigitalDrawLabel  oled_ui.o
    0x0800140e   0x0800140e   0x00000002   PAD
    0x08001410   0x08001410   0x000000b8   Code   RO         4142    i.OLED_DigitalDrawUline  oled_ui.o
    0x080014c8   0x080014c8   0x0000006c   Code   RO         4143    i.OLED_DigitalPageInit  oled_ui.o
    0x08001534   0x08001534   0x0000006c   Code   RO         4144    i.OLED_DigitalPage_UpdateDigitalNumAnimation  oled_ui.o
    0x080015a0   0x080015a0   0x00000064   Code   RO         4145    i.OLED_DigitalPage_UpdateLabelAnimation  oled_ui.o
    0x08001604   0x08001604   0x00000164   Code   RO         4146    i.OLED_DigitalReact  oled_ui.o
    0x08001768   0x08001768   0x0000003a   Code   RO         4147    i.OLED_DigitalSetOptionAndCallback  oled_ui.o
    0x080017a2   0x080017a2   0x0000003a   Code   RO         4148    i.OLED_DigitalSetSingleBit  oled_ui.o
    0x080017dc   0x080017dc   0x00000094   Code   RO         4149    i.OLED_DigitalSetValAnim  oled_ui.o
    0x08001870   0x08001870   0x000004b6   Code   RO         4150    i.OLED_DigitalShow  oled_ui.o
    0x08001d26   0x08001d26   0x00000022   Code   RO         3905    i.OLED_GetStrWidth  oled_g.o
    0x08001d48   0x08001d48   0x00000050   Code   RO         4028    i.OLED_I2C_Init     oled_port.o
    0x08001d98   0x08001d98   0x00000064   Code   RO         4029    i.OLED_I2C_SendByte  oled_port.o
    0x08001dfc   0x08001dfc   0x00000038   Code   RO         4030    i.OLED_I2C_Start    oled_port.o
    0x08001e34   0x08001e34   0x00000030   Code   RO         4031    i.OLED_I2C_Stop     oled_port.o
    0x08001e64   0x08001e64   0x000000ac   Code   RO         4032    i.OLED_Init         oled_port.o
    0x08001f10   0x08001f10   0x000000ac   Code   RO         4151    i.OLED_ListDrawText_CheckBox  oled_ui.o
    0x08001fbc   0x08001fbc   0x00000012   Code   RO         4152    i.OLED_ListPageAnimInit  oled_ui.o
    0x08001fce   0x08001fce   0x00000002   PAD
    0x08001fd0   0x08001fd0   0x00000050   Code   RO         4153    i.OLED_ListPageInit  oled_ui.o
    0x08002020   0x08002020   0x000001cc   Code   RO         4154    i.OLED_ListPageReact  oled_ui.o
    0x080021ec   0x080021ec   0x000001b4   Code   RO         4155    i.OLED_ListPageShow  oled_ui.o
    0x080023a0   0x080023a0   0x00000028   Code   RO         4156    i.OLED_MsgQueRead   oled_ui.o
    0x080023c8   0x080023c8   0x0000002c   Code   RO         4157    i.OLED_MsgQueSend   oled_ui.o
    0x080023f4   0x080023f4   0x00000018   Code   RO         4158    i.OLED_PageInit     oled_ui.o
    0x0800240c   0x0800240c   0x00000014   Code   RO         4159    i.OLED_PageReturn   oled_ui.o
    0x08002420   0x08002420   0x00000018   Code   RO         4160    i.OLED_RaderPicAnimInit  oled_ui.o
    0x08002438   0x08002438   0x00000040   Code   RO         4161    i.OLED_RaderPicPageInit  oled_ui.o
    0x08002478   0x08002478   0x0000001c   Code   RO         4162    i.OLED_RaderPicReact  oled_ui.o
    0x08002494   0x08002494   0x000001a4   Code   RO         4163    i.OLED_RaderPicShow  oled_ui.o
    0x08002638   0x08002638   0x0000001c   Code   RO         4164    i.OLED_RadioPageInit  oled_ui.o
    0x08002654   0x08002654   0x0000005c   Code   RO         4165    i.OLED_RadioPageReact  oled_ui.o
    0x080026b0   0x080026b0   0x0000000c   Code   RO         3906    i.OLED_RefreshBuff  oled_g.o
    0x080026bc   0x080026bc   0x0000003e   Code   RO         4034    i.OLED_SendBuff     oled_port.o
    0x080026fa   0x080026fa   0x00000022   Code   RO         4035    i.OLED_SetCursor    oled_port.o
    0x0800271c   0x0800271c   0x00000020   Code   RO         3907    i.OLED_SetPointColor  oled_g.o
    0x0800273c   0x0800273c   0x00000084   Code   RO         3180    i.OLED_Task         main.o
    0x080027c0   0x080027c0   0x00000030   Code   RO         4166    i.OLED_TitlePageAnimInit  oled_ui.o
    0x080027f0   0x080027f0   0x00000054   Code   RO         4167    i.OLED_TitlePageInit  oled_ui.o
    0x08002844   0x08002844   0x000000ec   Code   RO         4168    i.OLED_TitlePageReact  oled_ui.o
    0x08002930   0x08002930   0x000001b4   Code   RO         4169    i.OLED_TitlePageShow  oled_ui.o
    0x08002ae4   0x08002ae4   0x00000018   Code   RO         4170    i.OLED_UIChangeCurrentPage  oled_ui.o
    0x08002afc   0x08002afc   0x00000018   Code   RO         4172    i.OLED_UIJumpToPage  oled_ui.o
    0x08002b14   0x08002b14   0x00000098   Code   RO         4173    i.OLED_UIPageProc   oled_ui.o
    0x08002bac   0x08002bac   0x00000038   Code   RO         4174    i.OLED_UIParaInit   oled_ui.o
    0x08002be4   0x08002be4   0x00000038   Code   RO         4175    i.OLED_UIProc       oled_ui.o
    0x08002c1c   0x08002c1c   0x00000004   Code   RO         4176    i.OLED_UIWaveUpdateVal  oled_ui.o
    0x08002c20   0x08002c20   0x00000064   Code   RO         4177    i.OLED_UiInit       oled_ui.o
    0x08002c84   0x08002c84   0x00000020   Code   RO         4178    i.OLED_ValWinAnimInit  oled_ui.o
    0x08002ca4   0x08002ca4   0x00000084   Code   RO         4179    i.OLED_ValWinReact  oled_ui.o
    0x08002d28   0x08002d28   0x00000158   Code   RO         4180    i.OLED_ValWinShow   oled_ui.o
    0x08002e80   0x08002e80   0x0000001c   Code   RO         4181    i.OLED_WavePageAnimInit  oled_ui.o
    0x08002e9c   0x08002e9c   0x0000002c   Code   RO         4182    i.OLED_WavePageInit  oled_ui.o
    0x08002ec8   0x08002ec8   0x00000024   Code   RO         4183    i.OLED_WavePageReact  oled_ui.o
    0x08002eec   0x08002eec   0x00000178   Code   RO         4184    i.OLED_WavePageShow  oled_ui.o
    0x08003064   0x08003064   0x000000f8   Code   RO         3908    i.OLED_WinDrawASCII  oled_g.o
    0x0800315c   0x0800315c   0x000000d0   Code   RO         3909    i.OLED_WinDrawBMP   oled_g.o
    0x0800322c   0x0800322c   0x00000044   Code   RO         3910    i.OLED_WinDrawHLine  oled_g.o
    0x08003270   0x08003270   0x000000e4   Code   RO         3911    i.OLED_WinDrawLine  oled_g.o
    0x08003354   0x08003354   0x00000006   Code   RO         3912    i.OLED_WinDrawPoint  oled_g.o
    0x0800335a   0x0800335a   0x0000005c   Code   RO         3913    i.OLED_WinDrawRBox  oled_g.o
    0x080033b6   0x080033b6   0x0000008c   Code   RO         3914    i.OLED_WinDrawRBoxEmpty  oled_g.o
    0x08003442   0x08003442   0x00000002   PAD
    0x08003444   0x08003444   0x000001a0   Code   RO         3915    i.OLED_WinDrawRaderPic  oled_g.o
    0x080035e4   0x080035e4   0x00000032   Code   RO         3916    i.OLED_WinDrawStr   oled_g.o
    0x08003616   0x08003616   0x0000008c   Code   RO         3917    i.OLED_WinDrawVLine  oled_g.o
    0x080036a2   0x080036a2   0x00000034   Code   RO         4185    i.OLED_WinFSM       oled_ui.o
    0x080036d6   0x080036d6   0x00000002   PAD
    0x080036d8   0x080036d8   0x000000a4   Code   RO         3918    i.OLED_WinWriteByte  oled_g.o
    0x0800377c   0x0800377c   0x00000022   Code   RO         4042    i.OLED_WriteCommand  oled_port.o
    0x0800379e   0x0800379e   0x00000022   Code   RO         4043    i.OLED_WriteData    oled_port.o
    0x080037c0   0x080037c0   0x00000018   Code   RO         1767    i.RCC_AHBPeriphClockCmd  stm32f10x_rcc.o
    0x080037d8   0x080037d8   0x00000018   Code   RO         1768    i.RCC_APB1PeriphClockCmd  stm32f10x_rcc.o
    0x080037f0   0x080037f0   0x00000018   Code   RO         1770    i.RCC_APB2PeriphClockCmd  stm32f10x_rcc.o
    0x08003808   0x08003808   0x00000094   Code   RO         1778    i.RCC_GetClocksFreq  stm32f10x_rcc.o
    0x0800389c   0x0800389c   0x00000020   Code   RO         3767    i.Serial_SendByte   usart1.o
    0x080038bc   0x080038bc   0x00000018   Code   RO         3769    i.Serial_SendString  usart1.o
    0x080038d4   0x080038d4   0x000000a8   Code   RO           24    i.SetSysClockTo72   system_stm32f10x.o
    0x0800397c   0x0800397c   0x00000074   Code   RO         3698    i.SettingPage_CallBack  testui.o
    0x080039f0   0x080039f0   0x00000004   Code   RO         3390    i.SysTick_Handler   stm32f10x_it.o
    0x080039f4   0x080039f4   0x00000050   Code   RO           26    i.SystemInit        system_stm32f10x.o
    0x08003a44   0x08003a44   0x00000024   Code   RO         3182    i.TIM1_UP_IRQHandler  main.o
    0x08003a68   0x08003a68   0x0000001e   Code   RO         3183    i.TIM2_IRQHandler   main.o
    0x08003a86   0x08003a86   0x00000002   PAD
    0x08003a88   0x08003a88   0x00000024   Code   RO         3184    i.TIM3_IRQHandler   main.o
    0x08003aac   0x08003aac   0x00000006   Code   RO         2405    i.TIM_ClearFlag     stm32f10x_tim.o
    0x08003ab2   0x08003ab2   0x00000006   Code   RO         2406    i.TIM_ClearITPendingBit  stm32f10x_tim.o
    0x08003ab8   0x08003ab8   0x00000014   Code   RO         2411    i.TIM_Cmd           stm32f10x_tim.o
    0x08003acc   0x08003acc   0x00000018   Code   RO         2432    i.TIM_GetITStatus   stm32f10x_tim.o
    0x08003ae4   0x08003ae4   0x00000010   Code   RO         2436    i.TIM_ITConfig      stm32f10x_tim.o
    0x08003af4   0x08003af4   0x0000009c   Code   RO         2482    i.TIM_TimeBaseInit  stm32f10x_tim.o
    0x08003b90   0x08003b90   0x00000138   Code   RO         3699    i.TestUI_Init       testui.o
    0x08003cc8   0x08003cc8   0x00000074   Code   RO         3700    i.TestUI_Proc       testui.o
    0x08003d3c   0x08003d3c   0x0000006c   Code   RO         3620    i.Timer1_Init       timer.o
    0x08003da8   0x08003da8   0x00000038   Code   RO         3701    i.Triangle_Func     testui.o
    0x08003de0   0x08003de0   0x000000e0   Code   RO         3770    i.USART1_IRQHandler  usart1.o
    0x08003ec0   0x08003ec0   0x000000b0   Code   RO         3771    i.USART1_Init       usart1.o
    0x08003f70   0x08003f70   0x0000001c   Code   RO         3772    i.USART1_printf     usart1.o
    0x08003f8c   0x08003f8c   0x00000048   Code   RO         3834    i.USART2_IRQHandler  usart23.o
    0x08003fd4   0x08003fd4   0x000000f8   Code   RO         3835    i.USART2_Init       usart23.o
    0x080040cc   0x080040cc   0x0000004c   Code   RO         3836    i.USART2_printf     usart23.o
    0x08004118   0x08004118   0x00000048   Code   RO         3838    i.USART3_IRQHandler  usart23.o
    0x08004160   0x08004160   0x00000006   Code   RO         2933    i.USART_ClearFlag   stm32f10x_usart.o
    0x08004166   0x08004166   0x0000000c   Code   RO         2934    i.USART_ClearITPendingBit  stm32f10x_usart.o
    0x08004172   0x08004172   0x00000014   Code   RO         2937    i.USART_Cmd         stm32f10x_usart.o
    0x08004186   0x08004186   0x00000010   Code   RO         2938    i.USART_DMACmd      stm32f10x_usart.o
    0x08004196   0x08004196   0x0000000e   Code   RO         2940    i.USART_GetFlagStatus  stm32f10x_usart.o
    0x080041a4   0x080041a4   0x0000003e   Code   RO         2941    i.USART_GetITStatus  stm32f10x_usart.o
    0x080041e2   0x080041e2   0x00000030   Code   RO         2943    i.USART_ITConfig    stm32f10x_usart.o
    0x08004212   0x08004212   0x00000002   PAD
    0x08004214   0x08004214   0x000000ac   Code   RO         2944    i.USART_Init        stm32f10x_usart.o
    0x080042c0   0x080042c0   0x00000008   Code   RO         2951    i.USART_ReceiveData  stm32f10x_usart.o
    0x080042c8   0x080042c8   0x00000008   Code   RO         2954    i.USART_SendData    stm32f10x_usart.o
    0x080042d0   0x080042d0   0x00000002   Code   RO         3391    i.UsageFault_Handler  stm32f10x_it.o
    0x080042d2   0x080042d2   0x00000002   PAD
    0x080042d4   0x080042d4   0x00000028   Code   RO         6261    i.__0sprintf        mc_w.l(printfa.o)
    0x080042fc   0x080042fc   0x00000024   Code   RO         6264    i.__0vsnprintf      mc_w.l(printfa.o)
    0x08004320   0x08004320   0x00000024   Code   RO         6265    i.__0vsprintf       mc_w.l(printfa.o)
    0x08004344   0x08004344   0x00000028   Code   RO         6436    i.__ARM_fpclassify  m_ws.l(fpclassify.o)
    0x0800436c   0x0800436c   0x00000388   Code   RO         6376    i.__ieee754_rem_pio2  m_ws.l(rred.o)
    0x080046f4   0x080046f4   0x000000fc   Code   RO         6359    i.__kernel_cos      m_ws.l(cos_i.o)
    0x080047f0   0x080047f0   0x000000aa   Code   RO         6438    i.__kernel_poly     m_ws.l(poly.o)
    0x0800489a   0x0800489a   0x00000002   PAD
    0x0800489c   0x0800489c   0x000000ec   Code   RO         6381    i.__kernel_sin      m_ws.l(sin_i.o)
    0x08004988   0x08004988   0x00000006   Code   RO         6363    i.__mathlib_dbl_infnan  m_ws.l(dunder.o)
    0x0800498e   0x0800498e   0x0000000c   Code   RO         6365    i.__mathlib_dbl_invalid  m_ws.l(dunder.o)
    0x0800499a   0x0800499a   0x00000002   PAD
    0x0800499c   0x0800499c   0x00000010   Code   RO         6368    i.__mathlib_dbl_underflow  m_ws.l(dunder.o)
    0x080049ac   0x080049ac   0x0000000e   Code   RO         6455    i.__scatterload_copy  mc_w.l(handlers.o)
    0x080049ba   0x080049ba   0x00000002   Code   RO         6456    i.__scatterload_null  mc_w.l(handlers.o)
    0x080049bc   0x080049bc   0x0000000e   Code   RO         6457    i.__scatterload_zeroinit  mc_w.l(handlers.o)
    0x080049ca   0x080049ca   0x00000002   PAD
    0x080049cc   0x080049cc   0x0000000c   Code   RO         6416    i.__set_errno       mc_w.l(errno.o)
    0x080049d8   0x080049d8   0x00000164   Code   RO         6266    i._fp_digits        mc_w.l(printfa.o)
    0x08004b3c   0x08004b3c   0x000006dc   Code   RO         6267    i._printf_core      mc_w.l(printfa.o)
    0x08005218   0x08005218   0x00000024   Code   RO         6268    i._printf_post_padding  mc_w.l(printfa.o)
    0x0800523c   0x0800523c   0x0000002e   Code   RO         6269    i._printf_pre_padding  mc_w.l(printfa.o)
    0x0800526a   0x0800526a   0x00000016   Code   RO         6270    i._snputc           mc_w.l(printfa.o)
    0x08005280   0x08005280   0x0000000a   Code   RO         6271    i._sputc            mc_w.l(printfa.o)
    0x0800528a   0x0800528a   0x00000002   PAD
    0x0800528c   0x0800528c   0x00000024   Code   RO         4187    i.itoa              oled_ui.o
    0x080052b0   0x080052b0   0x0000005c   Code   RO         3186    i.main              main.o
    0x0800530c   0x0800530c   0x00000070   Code   RO         5409    i.prvAddCurrentTaskToDelayedList  tasks.o
    0x0800537c   0x0800537c   0x000000d0   Code   RO         5410    i.prvAddNewTaskToReadyList  tasks.o
    0x0800544c   0x0800544c   0x00000040   Code   RO         5768    i.prvCheckForValidListAndQueue  timers.o
    0x0800548c   0x0800548c   0x00000054   Code   RO         5411    i.prvCheckTasksWaitingTermination  tasks.o
    0x080054e0   0x080054e0   0x00000026   Code   RO         5246    i.prvCopyDataFromQueue  queue.o
    0x08005506   0x08005506   0x0000006c   Code   RO         5247    i.prvCopyDataToQueue  queue.o
    0x08005572   0x08005572   0x00000014   Code   RO         5412    i.prvDeleteTCB      tasks.o
    0x08005586   0x08005586   0x00000002   PAD
    0x08005588   0x08005588   0x0000004c   Code   RO         5871    i.prvHeapInit       heap_4.o
    0x080055d4   0x080055d4   0x00000028   Code   RO         5413    i.prvIdleTask       tasks.o
    0x080055fc   0x080055fc   0x0000008c   Code   RO         5414    i.prvInitialiseNewTask  tasks.o
    0x08005688   0x08005688   0x0000004c   Code   RO         5872    i.prvInsertBlockIntoFreeList  heap_4.o
    0x080056d4   0x080056d4   0x00000038   Code   RO         5769    i.prvInsertTimerInActiveList  timers.o
    0x0800570c   0x0800570c   0x0000001a   Code   RO         5248    i.prvIsQueueEmpty   queue.o
    0x08005726   0x08005726   0x00000002   PAD
    0x08005728   0x08005728   0x00000098   Code   RO         5770    i.prvProcessReceivedCommands  timers.o
    0x080057c0   0x080057c0   0x000000a4   Code   RO         5771    i.prvProcessTimerOrBlockTask  timers.o
    0x08005864   0x08005864   0x00000020   Code   RO         5416    i.prvResetNextTaskUnblockTime  tasks.o
    0x08005884   0x08005884   0x00000028   Code   RO         5772    i.prvSampleTimeNow  timers.o
    0x080058ac   0x080058ac   0x00000058   Code   RO         5773    i.prvSwitchTimerLists  timers.o
    0x08005904   0x08005904   0x00000010   Code   RO         5921    i.prvTaskExitError  port.o
    0x08005914   0x08005914   0x00000020   Code   RO         5417    i.prvTaskIsTaskSuspended  tasks.o
    0x08005934   0x08005934   0x00000028   Code   RO         5774    i.prvTimerTask      timers.o
    0x0800595c   0x0800595c   0x0000006a   Code   RO         5249    i.prvUnlockQueue    queue.o
    0x080059c6   0x080059c6   0x00000002   PAD
    0x080059c8   0x080059c8   0x00000098   Code   RO         5873    i.pvPortMalloc      heap_4.o
    0x08005a60   0x08005a60   0x00000018   Code   RO         5419    i.pvTaskIncrementMutexHeldCount  tasks.o
    0x08005a78   0x08005a78   0x00000024   Code   RO         5922    i.pxPortInitialiseStack  port.o
    0x08005a9c   0x08005a9c   0x000000a0   Code   RO         5992    i.sin               m_ws.l(sin.o)
    0x08005b3c   0x08005b3c   0x00000024   Code   RO         5210    i.uxListRemove      list.o
    0x08005b60   0x08005b60   0x00000016   Code   RO         5211    i.vListInitialise   list.o
    0x08005b76   0x08005b76   0x00000006   Code   RO         5212    i.vListInitialiseItem  list.o
    0x08005b7c   0x08005b7c   0x00000030   Code   RO         5213    i.vListInsert       list.o
    0x08005bac   0x08005bac   0x00000018   Code   RO         5214    i.vListInsertEnd    list.o
    0x08005bc4   0x08005bc4   0x0000001c   Code   RO         5924    i.vPortEnterCritical  port.o
    0x08005be0   0x08005be0   0x00000014   Code   RO         5925    i.vPortExitCritical  port.o
    0x08005bf4   0x08005bf4   0x00000040   Code   RO         5874    i.vPortFree         heap_4.o
    0x08005c34   0x08005c34   0x00000014   Code   RO         5926    i.vPortSetupTimerInterrupt  port.o
    0x08005c48   0x08005c48   0x00000044   Code   RO         5257    i.vQueueWaitForMessageRestricted  queue.o
    0x08005c8c   0x08005c8c   0x00000030   Code   RO         5427    i.vTaskDelay        tasks.o
    0x08005cbc   0x08005cbc   0x00000098   Code   RO         5429    i.vTaskDelete       tasks.o
    0x08005d54   0x08005d54   0x0000000c   Code   RO         5434    i.vTaskMissedYield  tasks.o
    0x08005d60   0x08005d60   0x00000024   Code   RO         5436    i.vTaskPlaceOnEventList  tasks.o
    0x08005d84   0x08005d84   0x0000002c   Code   RO         5437    i.vTaskPlaceOnEventListRestricted  tasks.o
    0x08005db0   0x08005db0   0x00000084   Code   RO         5439    i.vTaskPriorityInherit  tasks.o
    0x08005e34   0x08005e34   0x0000006c   Code   RO         5441    i.vTaskResume       tasks.o
    0x08005ea0   0x08005ea0   0x00000010   Code   RO         5443    i.vTaskSetTimeOutState  tasks.o
    0x08005eb0   0x08005eb0   0x00000064   Code   RO         5444    i.vTaskStartScheduler  tasks.o
    0x08005f14   0x08005f14   0x0000009c   Code   RO         5445    i.vTaskSuspend      tasks.o
    0x08005fb0   0x08005fb0   0x00000010   Code   RO         5446    i.vTaskSuspendAll   tasks.o
    0x08005fc0   0x08005fc0   0x00000064   Code   RO         5447    i.vTaskSwitchContext  tasks.o
    0x08006024   0x08006024   0x00000030   Code   RO         5927    i.xPortStartScheduler  port.o
    0x08006054   0x08006054   0x0000002c   Code   RO         5928    i.xPortSysTickHandler  port.o
    0x08006080   0x08006080   0x00000040   Code   RO         5260    i.xQueueGenericCreate  queue.o
    0x080060c0   0x080060c0   0x00000124   Code   RO         5261    i.xQueueGenericReceive  queue.o
    0x080061e4   0x080061e4   0x00000074   Code   RO         5262    i.xQueueGenericReset  queue.o
    0x08006258   0x08006258   0x00000100   Code   RO         5263    i.xQueueGenericSend  queue.o
    0x08006358   0x08006358   0x00000066   Code   RO         5264    i.xQueueGenericSendFromISR  queue.o
    0x080063be   0x080063be   0x00000002   PAD
    0x080063c0   0x080063c0   0x00000048   Code   RO         5448    i.xTaskCheckForTimeOut  tasks.o
    0x08006408   0x08006408   0x00000056   Code   RO         5449    i.xTaskCreate       tasks.o
    0x0800645e   0x0800645e   0x00000002   PAD
    0x08006460   0x08006460   0x0000001c   Code   RO         5453    i.xTaskGetSchedulerState  tasks.o
    0x0800647c   0x0800647c   0x0000000c   Code   RO         5454    i.xTaskGetTickCount  tasks.o
    0x08006488   0x08006488   0x000000b4   Code   RO         5456    i.xTaskIncrementTick  tasks.o
    0x0800653c   0x0800653c   0x00000070   Code   RO         5459    i.xTaskPriorityDisinherit  tasks.o
    0x080065ac   0x080065ac   0x00000064   Code   RO         5460    i.xTaskRemoveFromEventList  tasks.o
    0x08006610   0x08006610   0x000000b0   Code   RO         5462    i.xTaskResumeAll    tasks.o
    0x080066c0   0x080066c0   0x0000003c   Code   RO         5778    i.xTimerCreateTimerTask  timers.o
    0x080066fc   0x080066fc   0x00000048   Code   RO         5779    i.xTimerGenericCommand  timers.o
    0x08006744   0x08006744   0x00000258   Data   RO         3703    .constdata          testui.o
    0x0800699c   0x0800699c   0x00000093   Data   RO         3704    .constdata          testui.o
    0x08006a2f   0x08006a2f   0x00000051   Data   RO         3705    .constdata          testui.o
    0x08006a80   0x08006a80   0x0000006c   Data   RO         3706    .constdata          testui.o
    0x08006aec   0x08006aec   0x00000120   Data   RO         3707    .constdata          testui.o
    0x08006c0c   0x08006c0c   0x00001586   Data   RO         3920    .constdata          oled_g.o
    0x08008192   0x08008192   0x00000006   PAD
    0x08008198   0x08008198   0x00000030   Data   RO         6360    .constdata          m_ws.l(cos_i.o)
    0x080081c8   0x080081c8   0x000000c8   Data   RO         6378    .constdata          m_ws.l(rred.o)
    0x08008290   0x08008290   0x00000028   Data   RO         6382    .constdata          m_ws.l(sin_i.o)
    0x080082b8   0x080082b8   0x00000220   Data   RO         3708    .conststring        testui.o
    0x080084d8   0x080084d8   0x00000020   Data   RO         6453    Region$$Table       anon$$obj.o


    Execution Region RW_IRAM1 (Exec base: 0x20000000, Load base: 0x080084f8, Size: 0x00003698, Max: 0x00005000, ABSOLUTE, COMPRESSED[0x000000f4])

    Exec Addr    Load Addr    Size         Type   Attr      Idx    E Section Name        Object

    0x20000000   COMPRESSED   0x00000014   Data   RW         1798    .data               stm32f10x_rcc.o
    0x20000014   COMPRESSED   0x00000014   Data   RW         3187    .data               main.o
    0x20000028   COMPRESSED   0x00000004   Data   RW         3392    .data               stm32f10x_it.o
    0x2000002c   COMPRESSED   0x000002f0   Data   RW         3709    .data               testui.o
    0x2000031c   COMPRESSED   0x00000003   Data   RW         3780    .data               usart1.o
    0x2000031f   COMPRESSED   0x00000001   PAD
    0x20000320   COMPRESSED   0x00000004   Data   RW         3843    .data               usart23.o
    0x20000324   COMPRESSED   0x00000004   Data   RW         3921    .data               oled_g.o
    0x20000328   COMPRESSED   0x00000028   Data   RW         4189    .data               oled_ui.o
    0x20000350   COMPRESSED   0x00000044   Data   RW         5465    .data               tasks.o
    0x20000394   COMPRESSED   0x00000014   Data   RW         5785    .data               timers.o
    0x200003a8   COMPRESSED   0x00000018   Data   RW         5879    .data               heap_4.o
    0x200003c0   COMPRESSED   0x00000004   Data   RW         5929    .data               port.o
    0x200003c4   COMPRESSED   0x00000004   Data   RW         6417    .data               mc_w.l(errno.o)
    0x200003c8        -       0x00000200   Zero   RW         3702    .bss                testui.o
    0x200005c8        -       0x00000320   Zero   RW         3774    .bss                usart1.o
    0x200008e8        -       0x00000100   Zero   RW         3842    .bss                usart23.o
    0x200009e8        -       0x00000400   Zero   RW         3919    .bss                oled_g.o
    0x20000de8        -       0x000001bc   Zero   RW         4188    .bss                oled_ui.o
    0x20000fa4        -       0x000000c8   Zero   RW         5464    .bss                tasks.o
    0x2000106c        -       0x00000028   Zero   RW         5784    .bss                timers.o
    0x20001094        -       0x00002200   Zero   RW         5878    .bss                heap_4.o
    0x20003294   COMPRESSED   0x00000004   PAD
    0x20003298        -       0x00000400   Zero   RW            1    STACK               startup_stm32f10x_md.o


==============================================================================

Image component sizes


      Code (inc. data)   RO Data    RW Data    ZI Data      Debug   Object Name

         0          0          0          0          0       4504   core_cm3.o
         0          0          0          0          0       9300   event_groups.o
       368         24          0         24       8704       3663   heap_4.o
       136          0          0          0          0       2802   list.o
       746        228          0         20          0      28626   main.o
       120         16          0          0          0     204659   misc.o
      2094         66       5510          4       1024      15797   oled_g.o
       658         20          0          0          0       6105   oled_port.o
      7246        438          0         40        444      38652   oled_ui.o
         0          0          0          0          0        564   pack.o
       362         46          0          4          0       8628   port.o
      1176         16          0          0          0      10302   queue.o
        36          8        236          0       1024        800   startup_stm32f10x_md.o
         0          0          0          0          0       1640   stm32f10x_adc.o
       314         10          0          0          0      13559   stm32f10x_dma.o
       166          0          0          0          0      10724   stm32f10x_gpio.o
        16          0          0          4          0       3257   stm32f10x_it.o
       220         34          0         20          0      13410   stm32f10x_rcc.o
       228         42          0          0          0      24901   stm32f10x_tim.o
       366          6          0          0          0      13352   stm32f10x_usart.o
       248         24          0          0          0      54553   system_stm32f10x.o
      2378        232          0         68        200      29630   tasks.o
       792        110       1768        752        512       6107   testui.o
       108          4          0          0          0        534   timer.o
       736         76          0         20         40       7655   timers.o
       484         40          0          3        800       3787   usart1.o
       468         46          0          4        256       3268   usart23.o

    ----------------------------------------------------------------------
     19496       1486       7552        964      13008     520779   Object Totals
         0          0         32          0          0          0   (incl. Generated)
        30          0          6          1          4          0   (incl. Padding)

    ----------------------------------------------------------------------

      Code (inc. data)   RO Data    RW Data    ZI Data      Debug   Library Member Name

       252         22         48          0          0        124   cos_i.o
        34          6          0          0          0        204   dunder.o
        40          0          0          0          0         68   fpclassify.o
       170          0          0          0          0         96   poly.o
       904         76        200          0          0        140   rred.o
       160         10          0          0          0        108   sin.o
       236         12         40          0          0        128   sin_i.o
        86          0          0          0          0          0   __dczerorl2.o
         0          0          0          0          0          0   entry.o
         0          0          0          0          0          0   entry10a.o
         0          0          0          0          0          0   entry11a.o
         8          4          0          0          0          0   entry2.o
         4          0          0          0          0          0   entry5.o
         0          0          0          0          0          0   entry7b.o
         0          0          0          0          0          0   entry8b.o
         8          4          0          0          0          0   entry9a.o
        12          6          0          4          0         68   errno.o
        30          0          0          0          0          0   handlers.o
        36          8          0          0          0         68   init.o
         0          0          0          0          0          0   iusefp.o
        30          0          0          0          0         68   llshl.o
        36          0          0          0          0         68   llsshr.o
        32          0          0          0          0         68   llushr.o
        36          0          0          0          0         68   memcpya.o
        36          0          0          0          0        108   memseta.o
      2338         96          0          0          0        740   printfa.o
        28          0          0          0          0         76   strcmp.o
        14          0          0          0          0         68   strlen.o
        44          0          0          0          0         80   uidiv.o
        98          0          0          0          0         92   uldiv.o
        48          0          0          0          0         68   cdrcmple.o
        20          0          0          0          0         68   cfcmple.o
        20          0          0          0          0         68   cfrcmple.o
        56          0          0          0          0         88   d2f.o
       334          0          0          0          0        148   dadd.o
       222          0          0          0          0        100   ddiv.o
       186          0          0          0          0        176   depilogue.o
        62          0          0          0          0         80   dfixi.o
        48          0          0          0          0         68   dfixul.o
        34          0          0          0          0         76   dflti.o
        26          0          0          0          0         76   dfltui.o
       228          0          0          0          0         96   dmul.o
        46          0          0          0          0         80   dscalb.o
        38          0          0          0          0         68   f2d.o
       176          0          0          0          0        140   fadd.o
       124          0          0          0          0         88   fdiv.o
       110          0          0          0          0        168   fepilogue.o
        50          0          0          0          0         68   ffixi.o
        40          0          0          0          0         68   ffixui.o
        18          0          0          0          0         68   fflti.o
        10          0          0          0          0         68   ffltui.o
       100          0          0          0          0         76   fmul.o
        24          0          0          0          0         68   fscalb.o

    ----------------------------------------------------------------------
      6704        244        288          4          0       4512   Library Totals
        12          0          0          0          0          0   (incl. Padding)

    ----------------------------------------------------------------------

      Code (inc. data)   RO Data    RW Data    ZI Data      Debug   Library Name

      1796        126        288          0          0        868   m_ws.l
      2876        118          0          4          0       1572   mc_w.l
      2020          0          0          0          0       2072   mf_w.l

    ----------------------------------------------------------------------
      6704        244        288          4          0       4512   Library Totals

    ----------------------------------------------------------------------

==============================================================================


      Code (inc. data)   RO Data    RW Data    ZI Data      Debug   

     26200       1730       7840        968      13008     512367   Grand Totals
     26200       1730       7840        244      13008     512367   ELF Image Totals (compressed)
     26200       1730       7840        244          0          0   ROM Totals

==============================================================================

    Total RO  Size (Code + RO Data)                34040 (  33.24kB)
    Total RW  Size (RW Data + ZI Data)             13976 (  13.65kB)
    Total ROM Size (Code + RO Data + RW Data)      34284 (  33.48kB)

==============================================================================

